Component: ARM Compiler 5.06 update 6 (build 750) Tool: armlink [4d35ed]

==============================================================================

Section Cross References

    main.o(i.main) refers to dma_routine.o(i.DMA2EnableSupply) for DMA2EnableSupply
    main.o(i.main) refers to uart.o(i.UART_Init) for UART_Init
    main.o(i.main) refers to adc_routine.o(i.ADCInit) for ADCInit
    main.o(i.main) refers to adc_timer.o(i.AdcTimerInit) for AdcTimerInit
    main.o(i.main) refers to dev_data_routine.o(i.DeviceInit) for DeviceInit
    main.o(i.main) refers to dev_rtos_routine.o(i.DevRtosRoutineInit) for DevRtosRoutineInit
    main.o(i.main) refers to tasks.o(i.vTaskStartScheduler) for vTaskStartScheduler
    stm32f4xx_adc.o(i.ADC_DeInit) refers to stm32f4xx_rcc.o(i.RCC_APB2PeriphResetCmd) for RCC_APB2PeriphResetCmd
    stm32f4xx_gpio.o(i.GPIO_DeInit) refers to stm32f4xx_rcc.o(i.RCC_AHB1PeriphResetCmd) for RCC_AHB1PeriphResetCmd
    stm32f4xx_tim.o(i.TIM_DeInit) refers to stm32f4xx_rcc.o(i.RCC_APB1PeriphResetCmd) for RCC_APB1PeriphResetCmd
    stm32f4xx_tim.o(i.TIM_DeInit) refers to stm32f4xx_rcc.o(i.RCC_APB2PeriphResetCmd) for RCC_APB2PeriphResetCmd
    stm32f4xx_tim.o(i.TIM_ETRClockMode1Config) refers to stm32f4xx_tim.o(i.TIM_ETRConfig) for TIM_ETRConfig
    stm32f4xx_tim.o(i.TIM_ETRClockMode2Config) refers to stm32f4xx_tim.o(i.TIM_ETRConfig) for TIM_ETRConfig
    stm32f4xx_tim.o(i.TIM_ICInit) refers to stm32f4xx_tim.o(i.TI4_Config) for TI4_Config
    stm32f4xx_tim.o(i.TIM_ICInit) refers to stm32f4xx_tim.o(i.TIM_SetIC4Prescaler) for TIM_SetIC4Prescaler
    stm32f4xx_tim.o(i.TIM_ICInit) refers to stm32f4xx_tim.o(i.TI1_Config) for TI1_Config
    stm32f4xx_tim.o(i.TIM_ICInit) refers to stm32f4xx_tim.o(i.TIM_SetIC1Prescaler) for TIM_SetIC1Prescaler
    stm32f4xx_tim.o(i.TIM_ICInit) refers to stm32f4xx_tim.o(i.TI2_Config) for TI2_Config
    stm32f4xx_tim.o(i.TIM_ICInit) refers to stm32f4xx_tim.o(i.TIM_SetIC2Prescaler) for TIM_SetIC2Prescaler
    stm32f4xx_tim.o(i.TIM_ICInit) refers to stm32f4xx_tim.o(i.TI3_Config) for TI3_Config
    stm32f4xx_tim.o(i.TIM_ICInit) refers to stm32f4xx_tim.o(i.TIM_SetIC3Prescaler) for TIM_SetIC3Prescaler
    stm32f4xx_tim.o(i.TIM_ITRxExternalClockConfig) refers to stm32f4xx_tim.o(i.TIM_SelectInputTrigger) for TIM_SelectInputTrigger
    stm32f4xx_tim.o(i.TIM_PWMIConfig) refers to stm32f4xx_tim.o(i.TI2_Config) for TI2_Config
    stm32f4xx_tim.o(i.TIM_PWMIConfig) refers to stm32f4xx_tim.o(i.TIM_SetIC2Prescaler) for TIM_SetIC2Prescaler
    stm32f4xx_tim.o(i.TIM_PWMIConfig) refers to stm32f4xx_tim.o(i.TI1_Config) for TI1_Config
    stm32f4xx_tim.o(i.TIM_PWMIConfig) refers to stm32f4xx_tim.o(i.TIM_SetIC1Prescaler) for TIM_SetIC1Prescaler
    stm32f4xx_tim.o(i.TIM_TIxExternalClockConfig) refers to stm32f4xx_tim.o(i.TI1_Config) for TI1_Config
    stm32f4xx_tim.o(i.TIM_TIxExternalClockConfig) refers to stm32f4xx_tim.o(i.TIM_SelectInputTrigger) for TIM_SelectInputTrigger
    stm32f4xx_tim.o(i.TIM_TIxExternalClockConfig) refers to stm32f4xx_tim.o(i.TI2_Config) for TI2_Config
    stm32f4xx_usart.o(i.USART_DeInit) refers to stm32f4xx_rcc.o(i.RCC_APB1PeriphResetCmd) for RCC_APB1PeriphResetCmd
    stm32f4xx_usart.o(i.USART_DeInit) refers to stm32f4xx_rcc.o(i.RCC_APB2PeriphResetCmd) for RCC_APB2PeriphResetCmd
    stm32f4xx_usart.o(i.USART_Init) refers to stm32f4xx_rcc.o(i.RCC_GetClocksFreq) for RCC_GetClocksFreq
    stm32f4xx_rcc.o(i.RCC_GetClocksFreq) refers to stm32f4xx_rcc.o(.data) for .data
    stm32f4xx_rcc.o(i.RCC_WaitForHSEStartUp) refers to stm32f4xx_rcc.o(i.RCC_GetFlagStatus) for RCC_GetFlagStatus
    heap_2.o(i.prvHeapInit) refers to heap_2.o(.bss) for .bss
    heap_2.o(i.prvHeapInit) refers to heap_2.o(.data) for .data
    heap_2.o(i.pvPortMalloc) refers to tasks.o(i.vTaskSuspendAll) for vTaskSuspendAll
    heap_2.o(i.pvPortMalloc) refers to heap_2.o(i.prvHeapInit) for prvHeapInit
    heap_2.o(i.pvPortMalloc) refers to tasks.o(i.xTaskResumeAll) for xTaskResumeAll
    heap_2.o(i.pvPortMalloc) refers to heap_2.o(.data) for .data
    heap_2.o(i.vPortFree) refers to tasks.o(i.vTaskSuspendAll) for vTaskSuspendAll
    heap_2.o(i.vPortFree) refers to tasks.o(i.xTaskResumeAll) for xTaskResumeAll
    heap_2.o(i.vPortFree) refers to heap_2.o(.data) for .data
    heap_2.o(i.xPortGetFreeHeapSize) refers to heap_2.o(.data) for .data
    port.o(.emb_text) refers to tasks.o(i.vTaskSwitchContext) for vTaskSwitchContext
    port.o(.emb_text) refers to tasks.o(.data) for pxCurrentTCB
    port.o(i.prvTaskExitError) refers to port.o(.emb_text) for ulPortSetInterruptMask
    port.o(i.pxPortInitialiseStack) refers to port.o(i.prvTaskExitError) for prvTaskExitError
    port.o(i.vPortEnterCritical) refers to port.o(.emb_text) for ulPortSetInterruptMask
    port.o(i.vPortEnterCritical) refers to port.o(.data) for .data
    port.o(i.vPortExitCritical) refers to port.o(.emb_text) for vPortClearInterruptMask
    port.o(i.vPortExitCritical) refers to port.o(.data) for .data
[...]
    lc_hextab                                0x080048f8   Data          20  _printf_hex_int_ll_ptr.o(.constdata)
    .constdata                               0x0800490c   Section       38  _printf_fp_hex.o(.constdata)
    lc_hextab                                0x0800490c   Data          19  _printf_fp_hex.o(.constdata)
    uc_hextab                                0x0800491f   Data          19  _printf_fp_hex.o(.constdata)
    .constdata                               0x08004934   Section      148  bigflt0.o(.constdata)
    tenpwrs_x                                0x08004934   Data          60  bigflt0.o(.constdata)
    tenpwrs_i                                0x08004970   Data          64  bigflt0.o(.constdata)
    locale$$data                             0x080049e8   Section      272  lc_ctype_c.o(locale$$data)
    __lcctype_c_name                         0x080049ec   Data           2  lc_ctype_c.o(locale$$data)
    __lcctype_c_start                        0x080049f4   Data           0  lc_ctype_c.o(locale$$data)
    locale$$data                             0x08004af8   Section       28  lc_numeric_c.o(locale$$data)
    __lcctype_c_end                          0x08004af8   Data           0  lc_ctype_c.o(locale$$data)
    __lcnum_c_name                           0x08004afc   Data           2  lc_numeric_c.o(locale$$data)
    __lcnum_c_start                          0x08004b04   Data           0  lc_numeric_c.o(locale$$data)
    __lcnum_c_point                          0x08004b10   Data           0  lc_numeric_c.o(locale$$data)
    __lcnum_c_thousands                      0x08004b12   Data           0  lc_numeric_c.o(locale$$data)
    __lcnum_c_grouping                       0x08004b13   Data           0  lc_numeric_c.o(locale$$data)
    __lcnum_c_end                            0x08004b14   Data           0  lc_numeric_c.o(locale$$data)
    .data                                    0x20000000   Section       16  stm32f4xx_rcc.o(.data)
    APBAHBPrescTable                         0x20000000   Data          16  stm32f4xx_rcc.o(.data)
    .data                                    0x20000010   Section       24  heap_2.o(.data)
    xFreeBytesRemaining                      0x20000010   Data           4  heap_2.o(.data)
    xHeapHasBeenInitialised                  0x20000014   Data           4  heap_2.o(.data)
    xStart                                   0x20000018   Data           8  heap_2.o(.data)
    xEnd                                     0x20000020   Data           8  heap_2.o(.data)
    .data                                    0x20000028   Section        4  port.o(.data)
    uxCriticalNesting                        0x20000028   Data           4  port.o(.data)
    .data                                    0x2000002c   Section       56  tasks.o(.data)
    uxTasksDeleted                           0x20000030   Data           4  tasks.o(.data)
    uxCurrentNumberOfTasks                   0x20000034   Data           4  tasks.o(.data)
    xTickCount                               0x20000038   Data           4  tasks.o(.data)
    uxTopReadyPriority                       0x2000003c   Data           4  tasks.o(.data)
    xSchedulerRunning                        0x20000040   Data           4  tasks.o(.data)
    uxPendedTicks                            0x20000044   Data           4  tasks.o(.data)
    xYieldPending                            0x20000048   Data           4  tasks.o(.data)
    xNumOfOverflows                          0x2000004c   Data           4  tasks.o(.data)
    uxTaskNumber                             0x20000050   Data           4  tasks.o(.data)
    xNextTaskUnblockTime                     0x20000054   Data           4  tasks.o(.data)
    uxSchedulerSuspended                     0x20000058   Data           4  tasks.o(.data)
    pxDelayedTaskList                        0x2000005c   Data           4  tasks.o(.data)
    pxOverflowDelayedTaskList                0x20000060   Data           4  tasks.o(.data)
    .data                                    0x20000064   Section        2  irq_routine.o(.data)
    rx_last                                  0x20000064   Data           2  irq_routine.o(.data)
    .data                                    0x20000068   Section       20  dev_rtos_routine.o(.data)
    .data                                    0x2000007c   Section       12  dev_data_routine.o(.data)
    preambula_flag                           0x2000007c   Data           1  dev_data_routine.o(.data)
    pack_ptr                                 0x20000080   Data           4  dev_data_routine.o(.data)
    p                                        0x20000084   Data           4  dev_data_routine.o(.data)
    .data                                    0x20000088   Section        4  dev_data_routine.o(.data)
    packet                                   0x20000088   Data           4  dev_data_routine.o(.data)
    .data                                    0x2000008c   Section       20  system_stm32f4xx.o(.data)
    .bss                                     0x200000a0   Section    10240  heap_2.o(.bss)
    ucHeap                                   0x200000a0   Data       10240  heap_2.o(.bss)
    .bss                                     0x200028a0   Section      140  tasks.o(.bss)
    pxReadyTasksLists                        0x200028a0   Data          40  tasks.o(.bss)
    xDelayedTaskList1                        0x200028c8   Data          20  tasks.o(.bss)
    xDelayedTaskList2                        0x200028dc   Data          20  tasks.o(.bss)
    xPendingReadyList                        0x200028f0   Data          20  tasks.o(.bss)
    xTasksWaitingTermination                 0x20002904   Data          20  tasks.o(.bss)
    xSuspendedTaskList                       0x20002918   Data          20  tasks.o(.bss)
    .bss                                     0x2000292c   Section      500  uart.o(.bss)
    uart_printf_buf                          0x2000292c   Data         500  uart.o(.bss)
    .bss                                     0x20002b20   Section      508  irq_routine.o(.bss)
    .bss                                     0x20002d1c   Section      508  dev_data_routine.o(.bss)
    data_buf                                 0x20002d1c   Data         508  dev_data_routine.o(.bss)
    .bss                                     0x20002f18   Section       20  dev_data_routine.o(.bss)
    .bss                                     0x20002f2c   Section       64  adc_routine.o(.bss)
    AdcDataBuffer                            0x20002f2c   Data          64  adc_routine.o(.bss)
    .bss                                     0x20002f6c   Section       96  libspace.o(.bss)
    HEAP                                     0x20002fd0   Section      512  startup_stm32f427xx.o(HEAP)
    Heap_Mem                                 0x20002fd0   Data         512  startup_stm32f427xx.o(HEAP)
    STACK                                    0x200031d0   Section     1024  startup_stm32f427xx.o(STACK)
    Stack_Mem                                0x200031d0   Data        1024  startup_stm32f427xx.o(STACK)
    __initial_sp                             0x200035d0   Data           0  startup_stm32f427xx.o(STACK)

    Global Symbols

    Symbol Name                              Value     Ov Type        Size  Object(Section)

    BuildAttributes$$THM_ISAv4$E$P$D$K$B$S$7EM$VFPi3$EXTD16$VFPS$VFMA$PE$A:L22UL41UL21$X:L11$S22US41US21$IEEE1$IW$USESV6$~STKCKD$USESV7$~SHL$OTIME$ROPI$IEEEJ$EBA8$UX$STANDARDLIB$REQ8$PRES8$EABIv2 0x00000000   Number         0  anon$$obj.o ABSOLUTE
    __ARM_use_no_argv                        0x00000000   Number         0  main.o ABSOLUTE
    _printf_flags                            0x00000000   Number         0  printf_stubs.o ABSOLUTE
    _printf_return_value                     0x00000000   Number         0  printf_stubs.o ABSOLUTE
    _printf_sizespec                         0x00000000   Number         0  printf_stubs.o ABSOLUTE
    _printf_widthprec                        0x00000000   Number         0  printf_stubs.o ABSOLUTE
    __ARM_exceptions_init                     - Undefined Weak Reference
    __alloca_initialize                       - Undefined Weak Reference
    __arm_preinit_                            - Undefined Weak Reference
    __cpp_initialize__aeabi_                  - Undefined Weak Reference
    __cxa_finalize                            - Undefined Weak Reference
    __sigvec_lookup                           - Undefined Weak Reference
    _atexit_init                              - Undefined Weak Reference
    _call_atexit_fns                          - Undefined Weak Reference
    _clock_init                               - Undefined Weak Reference
    _fp_trap_init                             - Undefined Weak Reference
    _fp_trap_shutdown                         - Undefined Weak Reference
    _get_lc_collate                           - Undefined Weak Reference
    _get_lc_monetary                          - Undefined Weak Reference
    _get_lc_time                              - Undefined Weak Reference
    _getenv_init                              - Undefined Weak Reference
    _handle_redirection                       - Undefined Weak Reference
    _init_alloc                               - Undefined Weak Reference
    _init_user_alloc                          - Undefined Weak Reference
    _initio                                   - Undefined Weak Reference
    _printf_mbtowc                            - Undefined Weak Reference
    _printf_wc                                - Undefined Weak Reference
    _rand_init                                - Undefined Weak Reference
    _signal_finish                            - Undefined Weak Reference
    _signal_init                              - Undefined Weak Reference
    _terminate_alloc                          - Undefined Weak Reference
    _terminate_user_alloc                     - Undefined Weak Reference
    _terminateio                              - Undefined Weak Reference
    __Vectors_Size                           0x000001ac   Number         0  startup_stm32f427xx.o ABSOLUTE
    __Vectors                                0x08000000   Data           4  startup_stm32f427xx.o(RESET)
    __Vectors_End                            0x080001ac   Data           0  startup_stm32f427xx.o(RESET)
    __main                                   0x080001ad   Thumb Code     8  __main.o(!!!main)
    __scatterload                            0x080001b5   Thumb Code     0  __scatter.o(!!!scatter)
    __scatterload_rt2                        0x080001b5   Thumb Code    44  __scatter.o(!!!scatter)
    __scatterload_rt2_thumb_only             0x080001b5   Thumb Code     0  __scatter.o(!!!scatter)
    __scatterload_null                       0x080001c3   Thumb Code     0  __scatter.o(!!!scatter)
    __scatterload_copy                       0x080001e9   Thumb Code    26  __scatter_copy.o(!!handler_copy)
    __scatterload_zeroinit                   0x08000205   Thumb Code    28  __scatter_zi.o(!!handler_zi)
    _printf_n                                0x08000221   Thumb Code     0  _printf_n.o(.ARM.Collect$$_printf_percent$$00000001)
    _printf_percent                          0x08000221   Thumb Code     0  _printf_percent.o(.ARM.Collect$$_printf_percent$$00000000)
    _printf_p                                0x08000227   Thumb Code     0  _printf_p.o(.ARM.Collect$$_printf_percent$$00000002)
    _printf_f                                0x0800022d   Thumb Code     0  _printf_f.o(.ARM.Collect$$_printf_percent$$00000003)
    _printf_e                                0x08000233   Thumb Code     0  _printf_e.o(.ARM.Collect$$_printf_percent$$00000004)
    _printf_g                                0x08000239   Thumb Code     0  _printf_g.o(.ARM.Collect$$_printf_percent$$00000005)
    _printf_a                                0x0800023f   Thumb Code     0  _printf_a.o(.ARM.Collect$$_printf_percent$$00000006)
    _printf_ll                               0x08000245   Thumb Code     0  _printf_ll.o(.ARM.Collect$$_printf_percent$$00000007)
    _printf_i                                0x0800024f   Thumb Code     0  _printf_i.o(.ARM.Collect$$_printf_percent$$00000008)
    _printf_d                                0x08000255   Thumb Code     0  _printf_d.o(.ARM.Collect$$_printf_percent$$00000009)
    _printf_u                                0x0800025b   Thumb Code     0  _printf_u.o(.ARM.Collect$$_printf_percent$$0000000A)
    _printf_o                                0x08000261   Thumb Code     0  _printf_o.o(.ARM.Collect$$_printf_percent$$0000000B)
    _printf_x                                0x08000267   Thumb Code     0  _printf_x.o(.ARM.Collect$$_printf_percent$$0000000C)
    _printf_lli                              0x0800026d   Thumb Code     0  _printf_lli.o(.ARM.Collect$$_printf_percent$$0000000D)
    _printf_lld                              0x08000273   Thumb Code     0  _printf_lld.o(.ARM.Collect$$_printf_percent$$0000000E)
    _printf_llu                              0x08000279   Thumb Code     0  _printf_llu.o(.ARM.Collect$$_printf_percent$$0000000F)
    _printf_llo                              0x0800027f   Thumb Code     0  _printf_llo.o(.ARM.Collect$$_printf_percent$$00000010)
    _printf_llx                              0x08000285   Thumb Code     0  _printf_llx.o(.ARM.Collect$$_printf_percent$$00000011)
    _printf_l                                0x0800028b   Thumb Code     0  _printf_l.o(.ARM.Collect$$_printf_percent$$00000012)
    _printf_c                                0x08000295   Thumb Code     0  _printf_c.o(.ARM.Collect$$_printf_percent$$00000013)
    _printf_s                                0x0800029b   Thumb Code     0  _printf_s.o(.ARM.Collect$$_printf_percent$$00000014)
    _printf_lc                               0x080002a1   Thumb Code     0  _printf_lc.o(.ARM.Collect$$_printf_percent$$00000015)
    _printf_ls                               0x080002a7   Thumb Code     0  _printf_ls.o(.ARM.Collect$$_printf_percent$$00000016)
    _printf_percent_end                      0x080002ad   Thumb Code     0  _printf_percent_end.o(.ARM.Collect$$_printf_percent$$00000017)
    __rt_lib_init                            0x080002b1   Thumb Code     0  libinit.o(.ARM.Collect$$libinit$$00000000)
    __rt_lib_init_fp_1                       0x080002b3   Thumb Code     0  libinit2.o(.ARM.Collect$$libinit$$00000001)
    __rt_lib_init_heap_1                     0x080002b7   Thumb Code     0  libinit2.o(.ARM.Collect$$libinit$$0000000A)
    __rt_lib_init_lc_common                  0x080002b7   Thumb Code     0  libinit2.o(.ARM.Collect$$libinit$$0000000F)
    __rt_lib_init_preinit_1                  0x080002b7   Thumb Code     0  libinit2.o(.ARM.Collect$$libinit$$00000004)
    __rt_lib_init_rand_1                     0x080002b7   Thumb Code     0  libinit2.o(.ARM.Collect$$libinit$$0000000E)
    __rt_lib_init_user_alloc_1               0x080002b7   Thumb Code     0  libinit2.o(.ARM.Collect$$libinit$$0000000C)
    __rt_lib_init_lc_collate_1               0x080002bd   Thumb Code     0  libinit2.o(.ARM.Collect$$libinit$$00000011)
    __rt_lib_init_lc_ctype_2                 0x080002bd   Thumb Code     0  libinit2.o(.ARM.Collect$$libinit$$00000012)
    __rt_lib_init_lc_ctype_1                 0x080002c9   Thumb Code     0  libinit2.o(.ARM.Collect$$libinit$$00000013)
    __rt_lib_init_lc_monetary_1              0x080002c9   Thumb Code     0  libinit2.o(.ARM.Collect$$libinit$$00000015)
    __rt_lib_init_lc_numeric_2               0x080002c9   Thumb Code     0  libinit2.o(.ARM.Collect$$libinit$$00000016)
    __rt_lib_init_alloca_1                   0x080002d3   Thumb Code     0  libinit2.o(.ARM.Collect$$libinit$$0000002E)
    __rt_lib_init_argv_1                     0x080002d3   Thumb Code     0  libinit2.o(.ARM.Collect$$libinit$$0000002C)
    __rt_lib_init_atexit_1                   0x080002d3   Thumb Code     0  libinit2.o(.ARM.Collect$$libinit$$0000001B)
    __rt_lib_init_clock_1                    0x080002d3   Thumb Code     0  libinit2.o(.ARM.Collect$$libinit$$00000021)
    __rt_lib_init_cpp_1                      0x080002d3   Thumb Code     0  libinit2.o(.ARM.Collect$$libinit$$00000032)
    __rt_lib_init_exceptions_1               0x080002d3   Thumb Code     0  libinit2.o(.ARM.Collect$$libinit$$00000030)
    __rt_lib_init_fp_trap_1                  0x080002d3   Thumb Code     0  libinit2.o(.ARM.Collect$$libinit$$0000001F)
    __rt_lib_init_getenv_1                   0x080002d3   Thumb Code     0  libinit2.o(.ARM.Collect$$libinit$$00000023)
    __rt_lib_init_lc_numeric_1               0x080002d3   Thumb Code     0  libinit2.o(.ARM.Collect$$libinit$$00000017)
    __rt_lib_init_lc_time_1                  0x080002d3   Thumb Code     0  libinit2.o(.ARM.Collect$$libinit$$00000019)
    __rt_lib_init_return                     0x080002d3   Thumb Code     0  libinit2.o(.ARM.Collect$$libinit$$00000033)
    __rt_lib_init_signal_1                   0x080002d3   Thumb Code     0  libinit2.o(.ARM.Collect$$libinit$$0000001D)
    __rt_lib_init_stdio_1                    0x080002d3   Thumb Code     0  libinit2.o(.ARM.Collect$$libinit$$00000025)
    __rt_lib_shutdown                        0x080002d5   Thumb Code     0  libshutdown.o(.ARM.Collect$$libshutdown$$00000000)
    __rt_lib_shutdown_cpp_1                  0x080002d7   Thumb Code     0  libshutdown2.o(.ARM.Collect$$libshutdown$$00000002)
    __rt_lib_shutdown_fp_trap_1              0x080002d7   Thumb Code     0  libshutdown2.o(.ARM.Collect$$libshutdown$$00000007)
    __rt_lib_shutdown_heap_1                 0x080002d7   Thumb Code     0  libshutdown2.o(.ARM.Collect$$libshutdown$$0000000F)
    __rt_lib_shutdown_return                 0x080002d7   Thumb Code     0  libshutdown2.o(.ARM.Collect$$libshutdown$$00000010)
    __rt_lib_shutdown_signal_1               0x080002d7   Thumb Code     0  libshutdown2.o(.ARM.Collect$$libshutdown$$0000000A)
    __rt_lib_shutdown_stdio_1                0x080002d7   Thumb Code     0  libshutdown2.o(.ARM.Collect$$libshutdown$$00000004)
    __rt_lib_shutdown_user_alloc_1           0x080002d7   Thumb Code     0  libshutdown2.o(.ARM.Collect$$libshutdown$$0000000C)
    __rt_entry                               0x080002d9   Thumb Code     0  __rtentry.o(.ARM.Collect$$rtentry$$00000000)
    __rt_entry_presh_1                       0x080002d9   Thumb Code     0  __rtentry2.o(.ARM.Collect$$rtentry$$00000002)
    __rt_entry_sh                            0x080002d9   Thumb Code     0  __rtentry4.o(.ARM.Collect$$rtentry$$00000004)
    __rt_entry_li                            0x080002df   Thumb Code     0  __rtentry2.o(.ARM.Collect$$rtentry$$0000000A)
    __rt_entry_postsh_1                      0x080002df   Thumb Code     0  __rtentry2.o(.ARM.Collect$$rtentry$$00000009)
    __rt_entry_main                          0x080002e3   Thumb Code     0  __rtentry2.o(.ARM.Collect$$rtentry$$0000000D)
    __rt_entry_postli_1                      0x080002e3   Thumb Code     0  __rtentry2.o(.ARM.Collect$$rtentry$$0000000C)
    __rt_exit                                0x080002eb   Thumb Code     0  rtexit.o(.ARM.Collect$$rtexit$$00000000)
    __rt_exit_ls                             0x080002ed   Thumb Code     0  rtexit2.o(.ARM.Collect$$rtexit$$00000003)
    __rt_exit_prels_1                        0x080002ed   Thumb Code     0  rtexit2.o(.ARM.Collect$$rtexit$$00000002)
    __rt_exit_exit                           0x080002f1   Thumb Code     0  rtexit2.o(.ARM.Collect$$rtexit$$00000004)
    vPortSVCHandler                          0x080002f9   Thumb Code    28  port.o(.emb_text)
    __asm___6_port_c_39a90d8d__prvStartFirstTask 0x08000319   Thumb Code    24  port.o(.emb_text)
    __asm___6_port_c_39a90d8d__prvEnableVFP  0x08000335   Thumb Code    16  port.o(.emb_text)
    xPortPendSVHandler                       0x08000349   Thumb Code    82  port.o(.emb_text)
    ulPortSetInterruptMask                   0x080003a1   Thumb Code    14  port.o(.emb_text)
    vPortClearInterruptMask                  0x080003af   Thumb Code     6  port.o(.emb_text)
    vPortGetIPSR                             0x080003b5   Thumb Code     6  port.o(.emb_text)
    Reset_Handler                            0x080003bd   Thumb Code     8  startup_stm32f427xx.o(.text)
    SVC_Handler                              0x080003cf   Thumb Code     2  startup_stm32f427xx.o(.text)
    DebugMon_Handler                         0x080003d1   Thumb Code     2  startup_stm32f427xx.o(.text)
    PendSV_Handler                           0x080003d3   Thumb Code     2  startup_stm32f427xx.o(.text)
    ADC_IRQHandler                           0x080003d7   Thumb Code     0  startup_stm32f427xx.o(.text)
    CAN1_RX0_IRQHandler                      0x080003d7   Thumb Code     0  startup_stm32f427xx.o(.text)
    CAN1_RX1_IRQHandler                      0x080003d7   Thumb Code     0  startup_stm32f427xx.o(.text)
    CAN1_SCE_IRQHandler                      0x080003d7   Thumb Code     0  startup_stm32f427xx.o(.text)
    CAN1_TX_IRQHandler                       0x080003d7   Thumb Code     0  startup_stm32f427xx.o(.text)
    CAN2_RX0_IRQHandler                      0x080003d7   Thumb Code     0  startup_stm32f427xx.o(.text)
    CAN2_RX1_IRQHandler                      0x080003d7   Thumb Code     0  startup_stm32f427xx.o(.text)
    CAN2_SCE_IRQHandler                      0x080003d7   Thumb Code     0  startup_stm32f427xx.o(.text)
    CAN2_TX_IRQHandler                       0x080003d7   Thumb Code     0  startup_stm32f427xx.o(.text)
    DCMI_IRQHandler                          0x080003d7   Thumb Code     0  startup_stm32f427xx.o(.text)
    DMA1_Stream0_IRQHandler                  0x080003d7   Thumb Code     0  startup_stm32f427xx.o(.text)
    DMA1_Stream1_IRQHandler                  0x080003d7   Thumb Code     0  startup_stm32f427xx.o(.text)
    DMA1_Stream2_IRQHandler                  0x080003d7   Thumb Code     0  startup_stm32f427xx.o(.text)
    DMA1_Stream3_IRQHandler                  0x080003d7   Thumb Code     0  startup_stm32f427xx.o(.text)
    DMA1_Stream4_IRQHandler                  0x080003d7   Thumb Code     0  startup_stm32f427xx.o(.text)
    DMA1_Stream5_IRQHandler                  0x080003d7   Thumb Code     0  startup_stm32f427xx.o(.text)
    DMA1_Stream6_IRQHandler                  0x080003d7   Thumb Code     0  startup_stm32f427xx.o(.text)
    DMA1_Stream7_IRQHandler                  0x080003d7   Thumb Code     0  startup_stm32f427xx.o(.text)
    DMA2D_IRQHandler                         0x080003d7   Thumb Code     0  startup_stm32f427xx.o(.text)
    DMA2_Stream1_IRQHandler                  0x080003d7   Thumb Code     0  startup_stm32f427xx.o(.text)
    DMA2_Stream2_IRQHandler                  0x080003d7   Thumb Code     0  startup_stm32f427xx.o(.text)
    DMA2_Stream3_IRQHandler                  0x080003d7   Thumb Code     0  startup_stm32f427xx.o(.text)
    DMA2_Stream4_IRQHandler                  0x080003d7   Thumb Code     0  startup_stm32f427xx.o(.text)
    DMA2_Stream5_IRQHandler                  0x080003d7   Thumb Code     0  startup_stm32f427xx.o(.text)
    DMA2_Stream6_IRQHandler                  0x080003d7   Thumb Code     0  startup_stm32f427xx.o(.text)
    ETH_IRQHandler                           0x080003d7   Thumb Code     0  startup_stm32f427xx.o(.text)
    ETH_WKUP_IRQHandler                      0x080003d7   Thumb Code     0  startup_stm32f427xx.o(.text)
    EXTI0_IRQHandler                         0x080003d7   Thumb Code     0  startup_stm32f427xx.o(.text)
    EXTI15_10_IRQHandler                     0x080003d7   Thumb Code     0  startup_stm32f427xx.o(.text)
    EXTI1_IRQHandler                         0x080003d7   Thumb Code     0  startup_stm32f427xx.o(.text)
    EXTI2_IRQHandler                         0x080003d7   Thumb Code     0  startup_stm32f427xx.o(.text)
    EXTI3_IRQHandler                         0x080003d7   Thumb Code     0  startup_stm32f427xx.o(.text)
    EXTI4_IRQHandler                         0x080003d7   Thumb Code     0  startup_stm32f427xx.o(.text)
    EXTI9_5_IRQHandler                       0x080003d7   Thumb Code     0  startup_stm32f427xx.o(.text)
    FLASH_IRQHandler                         0x080003d7   Thumb Code     0  startup_stm32f427xx.o(.text)
    FMC_IRQHandler                           0x080003d7   Thumb Code     0  startup_stm32f427xx.o(.text)
    FPU_IRQHandler                           0x080003d7   Thumb Code     0  startup_stm32f427xx.o(.text)
    HASH_RNG_IRQHandler                      0x080003d7   Thumb Code     0  startup_stm32f427xx.o(.text)
    I2C1_ER_IRQHandler                       0x080003d7   Thumb Code     0  startup_stm32f427xx.o(.text)
    I2C1_EV_IRQHandler                       0x080003d7   Thumb Code     0  startup_stm32f427xx.o(.text)
    I2C2_ER_IRQHandler                       0x080003d7   Thumb Code     0  startup_stm32f427xx.o(.text)
    I2C2_EV_IRQHandler                       0x080003d7   Thumb Code     0  startup_stm32f427xx.o(.text)
    I2C3_ER_IRQHandler                       0x080003d7   Thumb Code     0  startup_stm32f427xx.o(.text)
    I2C3_EV_IRQHandler                       0x080003d7   Thumb Code     0  startup_stm32f427xx.o(.text)
    OTG_FS_IRQHandler                        0x080003d7   Thumb Code     0  startup_stm32f427xx.o(.text)
    OTG_FS_WKUP_IRQHandler                   0x080003d7   Thumb Code     0  startup_stm32f427xx.o(.text)
    OTG_HS_EP1_IN_IRQHandler                 0x080003d7   Thumb Code     0  startup_stm32f427xx.o(.text)
    OTG_HS_EP1_OUT_IRQHandler                0x080003d7   Thumb Code     0  startup_stm32f427xx.o(.text)
    OTG_HS_IRQHandler                        0x080003d7   Thumb Code     0  startup_stm32f427xx.o(.text)
    OTG_HS_WKUP_IRQHandler                   0x080003d7   Thumb Code     0  startup_stm32f427xx.o(.text)
    PVD_IRQHandler                           0x080003d7   Thumb Code     0  startup_stm32f427xx.o(.text)
    RCC_IRQHandler                           0x080003d7   Thumb Code     0  startup_stm32f427xx.o(.text)
    RTC_Alarm_IRQHandler                     0x080003d7   Thumb Code     0  startup_stm32f427xx.o(.text)
    RTC_WKUP_IRQHandler                      0x080003d7   Thumb Code     0  startup_stm32f427xx.o(.text)
    SAI1_IRQHandler                          0x080003d7   Thumb Code     0  startup_stm32f427xx.o(.text)
    SDIO_IRQHandler                          0x080003d7   Thumb Code     0  startup_stm32f427xx.o(.text)
    SPI1_IRQHandler                          0x080003d7   Thumb Code     0  startup_stm32f427xx.o(.text)
    SPI2_IRQHandler                          0x080003d7   Thumb Code     0  startup_stm32f427xx.o(.text)
    SPI3_IRQHandler                          0x080003d7   Thumb Code     0  startup_stm32f427xx.o(.text)
    SPI4_IRQHandler                          0x080003d7   Thumb Code     0  startup_stm32f427xx.o(.text)
    SPI5_IRQHandler                          0x080003d7   Thumb Code     0  startup_stm32f427xx.o(.text)
    SPI6_IRQHandler                          0x080003d7   Thumb Code     0  startup_stm32f427xx.o(.text)
    TAMP_STAMP_IRQHandler                    0x080003d7   Thumb Code     0  startup_stm32f427xx.o(.text)
    TIM1_BRK_TIM9_IRQHandler                 0x080003d7   Thumb Code     0  startup_stm32f427xx.o(.text)
    TIM1_CC_IRQHandler                       0x080003d7   Thumb Code     0  startup_stm32f427xx.o(.text)
    TIM1_TRG_COM_TIM11_IRQHandler            0x080003d7   Thumb Code     0  startup_stm32f427xx.o(.text)
    TIM1_UP_TIM10_IRQHandler                 0x080003d7   Thumb Code     0  startup_stm32f427xx.o(.text)
    TIM2_IRQHandler                          0x080003d7   Thumb Code     0  startup_stm32f427xx.o(.text)
    TIM4_IRQHandler                          0x080003d7   Thumb Code     0  startup_stm32f427xx.o(.text)
    TIM5_IRQHandler                          0x080003d7   Thumb Code     0  startup_stm32f427xx.o(.text)
    TIM6_DAC_IRQHandler                      0x080003d7   Thumb Code     0  startup_stm32f427xx.o(.text)
    TIM7_IRQHandler                          0x080003d7   Thumb Code     0  startup_stm32f427xx.o(.text)
    TIM8_BRK_TIM12_IRQHandler                0x080003d7   Thumb Code     0  startup_stm32f427xx.o(.text)
    TIM8_CC_IRQHandler                       0x080003d7   Thumb Code     0  startup_stm32f427xx.o(.text)
    TIM8_TRG_COM_TIM14_IRQHandler            0x080003d7   Thumb Code     0  startup_stm32f427xx.o(.text)
    TIM8_UP_TIM13_IRQHandler                 0x080003d7   Thumb Code     0  startup_stm32f427xx.o(.text)
    UART4_IRQHandler                         0x080003d7   Thumb Code     0  startup_stm32f427xx.o(.text)
    UART5_IRQHandler                         0x080003d7   Thumb Code     0  startup_stm32f427xx.o(.text)
    UART7_IRQHandler                         0x080003d7   Thumb Code     0  startup_stm32f427xx.o(.text)
    UART8_IRQHandler                         0x080003d7   Thumb Code     0  startup_stm32f427xx.o(.text)
    USART2_IRQHandler                        0x080003d7   Thumb Code     0  startup_stm32f427xx.o(.text)
    USART3_IRQHandler                        0x080003d7   Thumb Code     0  startup_stm32f427xx.o(.text)
    USART6_IRQHandler                        0x080003d7   Thumb Code     0  startup_stm32f427xx.o(.text)
    WWDG_IRQHandler                          0x080003d7   Thumb Code     0  startup_stm32f427xx.o(.text)
    __user_initial_stackheap                 0x080003d9   Thumb Code     0  startup_stm32f427xx.o(.text)
    vsprintf                                 0x080003fd   Thumb Code    32  vsprintf.o(.text)
    __2sprintf                               0x08000421   Thumb Code    38  __2sprintf.o(.text)
    _printf_int_dec                          0x0800044d   Thumb Code   104  _printf_dec.o(.text)
    __printf                                 0x080004c5   Thumb Code   388  __printf_flags_ss_wp.o(.text)
    atoi                                     0x0800064d   Thumb Code    26  atoi.o(.text)
    memcmp                                   0x08000667   Thumb Code    88  memcmp.o(.text)
    __aeabi_memcpy                           0x080006bf   Thumb Code     0  rt_memcpy_v6.o(.text)
    __rt_memcpy                              0x080006bf   Thumb Code   138  rt_memcpy_v6.o(.text)
    _memcpy_lastbytes                        0x08000725   Thumb Code     0  rt_memcpy_v6.o(.text)
    __aeabi_memset                           0x08000749   Thumb Code    16  aeabi_memset.o(.text)
    __aeabi_memclr                           0x08000759   Thumb Code     0  rt_memclr.o(.text)
    __rt_memclr                              0x08000759   Thumb Code    68  rt_memclr.o(.text)
    _memset                                  0x0800075d   Thumb Code     0  rt_memclr.o(.text)
    __use_two_region_memory                  0x0800079d   Thumb Code     2  heapauxi.o(.text)
    __rt_heap_escrow$2region                 0x0800079f   Thumb Code     2  heapauxi.o(.text)
    __rt_heap_expand$2region                 0x080007a1   Thumb Code     2  heapauxi.o(.text)
    __aeabi_errno_addr                       0x080007a5   Thumb Code     8  rt_errno_addr_intlibspace.o(.text)
    __errno$intlibspace                      0x080007a5   Thumb Code     0  rt_errno_addr_intlibspace.o(.text)
    __rt_errno_addr$intlibspace              0x080007a5   Thumb Code     0  rt_errno_addr_intlibspace.o(.text)
    _printf_pre_padding                      0x080007ad   Thumb Code    44  _printf_pad.o(.text)
    _printf_post_padding                     0x080007d9   Thumb Code    34  _printf_pad.o(.text)
    _printf_truncate_signed                  0x080007fb   Thumb Code    18  _printf_truncate.o(.text)
    _printf_truncate_unsigned                0x0800080d   Thumb Code    18  _printf_truncate.o(.text)
    _printf_str                              0x0800081f   Thumb Code    82  _printf_str.o(.text)
    _printf_int_common                       0x08000871   Thumb Code   178  _printf_intcommon.o(.text)
    _printf_charcount                        0x08000923   Thumb Code    40  _printf_charcount.o(.text)
    _printf_char_common                      0x08000957   Thumb Code    32  _printf_char_common.o(.text)
    _sputc                                   0x0800097d   Thumb Code    10  _sputc.o(.text)
    _printf_wctomb                           0x08000989   Thumb Code   182  _printf_wctomb.o(.text)
    _printf_longlong_dec                     0x08000a45   Thumb Code   108  _printf_longlong_dec.o(.text)
    _printf_longlong_oct                     0x08000ac1   Thumb Code    66  _printf_oct_int_ll.o(.text)
    _printf_int_oct                          0x08000b03   Thumb Code    24  _printf_oct_int_ll.o(.text)
    _printf_ll_oct                           0x08000b1b   Thumb Code    12  _printf_oct_int_ll.o(.text)
    _printf_longlong_hex                     0x08000b31   Thumb Code    86  _printf_hex_int_ll_ptr.o(.text)
    _printf_int_hex                          0x08000b87   Thumb Code    28  _printf_hex_int_ll_ptr.o(.text)
    _printf_ll_hex                           0x08000ba3   Thumb Code    12  _printf_hex_int_ll_ptr.o(.text)
    _printf_hex_ptr                          0x08000baf   Thumb Code    18  _printf_hex_int_ll_ptr.o(.text)
    strtol                                   0x08000bc5   Thumb Code   112  strtol.o(.text)
    __aeabi_memcpy4                          0x08000c35   Thumb Code     0  rt_memcpy_w.o(.text)
    __aeabi_memcpy8                          0x08000c35   Thumb Code     0  rt_memcpy_w.o(.text)
    __rt_memcpy_w                            0x08000c35   Thumb Code   100  rt_memcpy_w.o(.text)
    _memcpy_lastbytes_aligned                0x08000c7d   Thumb Code     0  rt_memcpy_w.o(.text)
    __aeabi_memclr4                          0x08000c99   Thumb Code     0  rt_memclr_w.o(.text)
    __aeabi_memclr8                          0x08000c99   Thumb Code     0  rt_memclr_w.o(.text)
    __rt_memclr_w                            0x08000c99   Thumb Code    78  rt_memclr_w.o(.text)
    _memset_w                                0x08000c9d   Thumb Code     0  rt_memclr_w.o(.text)
    __user_libspace                          0x08000ce9   Thumb Code     8  libspace.o(.text)
    __user_perproc_libspace                  0x08000ce9   Thumb Code     0  libspace.o(.text)
    __user_perthread_libspace                0x08000ce9   Thumb Code     0  libspace.o(.text)
    __rt_ctype_table                         0x08000cf1   Thumb Code    16  rt_ctype_table.o(.text)
    _ll_udiv10                               0x08000d01   Thumb Code   138  lludiv10.o(.text)
    __lib_sel_fp_printf                      0x08000d8b   Thumb Code     2  _printf_fp_dec.o(.text)
    _printf_fp_dec_real                      0x08000f3d   Thumb Code   620  _printf_fp_dec.o(.text)
    _printf_fp_hex_real                      0x080011a9   Thumb Code   756  _printf_fp_hex.o(.text)
    _printf_cs_common                        0x080014a5   Thumb Code    20  _printf_char.o(.text)
    _printf_char                             0x080014b9   Thumb Code    16  _printf_char.o(.text)
    _printf_string                           0x080014c9   Thumb Code     8  _printf_char.o(.text)
    _printf_lcs_common                       0x080014d1   Thumb Code    20  _printf_wchar.o(.text)
    _printf_wchar                            0x080014e5   Thumb Code    16  _printf_wchar.o(.text)
    _printf_wstring                          0x080014f5   Thumb Code     8  _printf_wchar.o(.text)
    _strtoul                                 0x080014fd   Thumb Code   158  _strtoul.o(.text)
    _wcrtomb                                 0x0800159b   Thumb Code    64  _wcrtomb.o(.text)
    __user_setup_stackheap                   0x080015db   Thumb Code    74  sys_stackheap_outer.o(.text)
    __rt_locale                              0x08001625   Thumb Code     8  rt_locale_intlibspace.o(.text)
    _printf_fp_infnan                        0x0800162d   Thumb Code   112  _printf_fp_infnan.o(.text)
    _chval                                   0x080016ad   Thumb Code    28  _chval.o(.text)
    _btod_etento                             0x080016c9   Thumb Code   224  bigflt0.o(.text)
    exit                                     0x080017ad   Thumb Code    18  exit.o(.text)
    strcmp                                   0x080017c1   Thumb Code   128  strcmpv7m.o(.text)
    _sys_exit                                0x08001841   Thumb Code     8  sys_exit.o(.text)
    __I$use$semihosting                      0x0800184d   Thumb Code     0  use_no_semi.o(.text)
    __use_no_semihosting_swi                 0x0800184d   Thumb Code     2  use_no_semi.o(.text)
    __semihosting_library_function           0x0800184f   Thumb Code     0  indicate_semi.o(.text)
    _btod_d2e                                0x0800184f   Thumb Code    62  btod.o(CL$$btod_d2e)
    _d2e_denorm_low                          0x0800188d   Thumb Code    70  btod.o(CL$$btod_d2e_denorm_low)
    _d2e_norm_op1                            0x080018d3   Thumb Code    96  btod.o(CL$$btod_d2e_norm_op1)
    __btod_div_common                        0x08001933   Thumb Code   696  btod.o(CL$$btod_div_common)
    _e2e                                     0x08001c6b   Thumb Code   220  btod.o(CL$$btod_e2e)
    _btod_ediv                               0x08001d47   Thumb Code    42  btod.o(CL$$btod_ediv)
    _btod_emul                               0x08001d71   Thumb Code    42  btod.o(CL$$btod_emul)
    __btod_mult_common                       0x08001d9b   Thumb Code   580  btod.o(CL$$btod_mult_common)
    ADCInit                                  0x08001fe1   Thumb Code   246  adc_routine.o(i.ADCInit)
    ADC_Cmd                                  0x080020e9   Thumb Code    24  stm32f4xx_adc.o(i.ADC_Cmd)
    ADC_CommonInit                           0x08002101   Thumb Code    36  stm32f4xx_adc.o(i.ADC_CommonInit)
    ADC_DMACmd                               0x0800212d   Thumb Code    24  stm32f4xx_adc.o(i.ADC_DMACmd)
    ADC_DMARequestAfterLastTransferCmd       0x08002145   Thumb Code    24  stm32f4xx_adc.o(i.ADC_DMARequestAfterLastTransferCmd)
    ADC_DeInit                               0x0800215d   Thumb Code    24  stm32f4xx_adc.o(i.ADC_DeInit)
    ADC_Init                                 0x08002175   Thumb Code    82  stm32f4xx_adc.o(i.ADC_Init)
    ADC_RegularChannelConfig                 0x080021cd   Thumb Code   144  stm32f4xx_adc.o(i.ADC_RegularChannelConfig)
    ADC_TempSensorVrefintCmd                 0x0800225d   Thumb Code    34  stm32f4xx_adc.o(i.ADC_TempSensorVrefintCmd)
    AdcAverageCalculation                    0x08002285   Thumb Code    22  adc_routine.o(i.AdcAverageCalculation)
    AdcTimerInit                             0x08002305   Thumb Code    72  adc_timer.o(i.AdcTimerInit)
    BusFault_Handler                         0x0800234d   Thumb Code     8  irq_routine.o(i.BusFault_Handler)
    DMA2EnableSupply                         0x0800236d   Thumb Code     8  dma_routine.o(i.DMA2EnableSupply)
    DMA2_Stream0_IRQHandler                  0x08002375   Thumb Code    70  irq_routine.o(i.DMA2_Stream0_IRQHandler)
    DMA2_Stream7_IRQHandler                  0x080023d1   Thumb Code    72  irq_routine.o(i.DMA2_Stream7_IRQHandler)
    DMA_ClearFlag                            0x08002429   Thumb Code    32  stm32f4xx_dma.o(i.DMA_ClearFlag)
    DMA_ClearITPendingBit                    0x08002459   Thumb Code    32  stm32f4xx_dma.o(i.DMA_ClearITPendingBit)
    DMA_Cmd                                  0x08002489   Thumb Code    24  stm32f4xx_dma.o(i.DMA_Cmd)
    DMA_DeInit                               0x080024a1   Thumb Code   302  stm32f4xx_dma.o(i.DMA_DeInit)
    DMA_GetCmdStatus                         0x08002629   Thumb Code    16  stm32f4xx_dma.o(i.DMA_GetCmdStatus)
    DMA_GetCurrDataCounter                   0x08002639   Thumb Code     6  stm32f4xx_dma.o(i.DMA_GetCurrDataCounter)
    DMA_GetFlagStatus                        0x08002641   Thumb Code    40  stm32f4xx_dma.o(i.DMA_GetFlagStatus)
    DMA_ITConfig                             0x08002679   Thumb Code    54  stm32f4xx_dma.o(i.DMA_ITConfig)
    DMA_Init                                 0x080026b1   Thumb Code   120  stm32f4xx_dma.o(i.DMA_Init)
    DecodeInputData                          0x08002831   Thumb Code  1164  dev_data_routine.o(i.DecodeInputData)
    DevRtosRoutineInit                       0x08002cf1   Thumb Code    14  dev_rtos_routine.o(i.DevRtosRoutineInit)
    DeviceInit                               0x08002d01   Thumb Code    38  dev_data_routine.o(i.DeviceInit)
    GPIO_Init                                0x08002d35   Thumb Code   150  stm32f4xx_gpio.o(i.GPIO_Init)
    GpioCntrlTimerInit                       0x08002dcd   Thumb Code   110  gpio_timer.o(i.GpioCntrlTimerInit)
    GpioSetCntrl                             0x08002e41   Thumb Code     2  gpio_cntrl.o(i.GpioSetCntrl)
    HardFault_Handler                        0x08002e45   Thumb Code     8  irq_routine.o(i.HardFault_Handler)
    MemManage_Handler                        0x08002e65   Thumb Code     8  irq_routine.o(i.MemManage_Handler)
    NMI_Handler                              0x08002e85   Thumb Code     8  irq_routine.o(i.NMI_Handler)
    NVIC_Init                                0x08002ea1   Thumb Code   112  misc.o(i.NVIC_Init)
    NVIC_PriorityGroupConfig                 0x08002f15   Thumb Code    14  misc.o(i.NVIC_PriorityGroupConfig)
    RCC_AHB1PeriphClockCmd                   0x08002f79   Thumb Code    24  stm32f4xx_rcc.o(i.RCC_AHB1PeriphClockCmd)
    RCC_APB1PeriphClockCmd                   0x08002f95   Thumb Code    24  stm32f4xx_rcc.o(i.RCC_APB1PeriphClockCmd)
    RCC_APB1PeriphResetCmd                   0x08002fb1   Thumb Code    24  stm32f4xx_rcc.o(i.RCC_APB1PeriphResetCmd)
    RCC_APB2PeriphClockCmd                   0x08002fcd   Thumb Code    24  stm32f4xx_rcc.o(i.RCC_APB2PeriphClockCmd)
    RCC_APB2PeriphResetCmd                   0x08002fe9   Thumb Code    24  stm32f4xx_rcc.o(i.RCC_APB2PeriphResetCmd)
    RCC_GetClocksFreq                        0x08003005   Thumb Code   160  stm32f4xx_rcc.o(i.RCC_GetClocksFreq)
    SetAdcFrequency                          0x080030b9   Thumb Code    38  gpio_timer.o(i.SetAdcFrequency)
    SysTick_Handler                          0x080031c9   Thumb Code     4  irq_routine.o(i.SysTick_Handler)
    SystemInit                               0x080031cd   Thumb Code    72  system_stm32f4xx.o(i.SystemInit)
    TIM3_IRQHandler                          0x0800322d   Thumb Code    70  irq_routine.o(i.TIM3_IRQHandler)
    TIM_ClearITPendingBit                    0x0800328d   Thumb Code     6  stm32f4xx_tim.o(i.TIM_ClearITPendingBit)
    TIM_Cmd                                  0x08003293   Thumb Code    24  stm32f4xx_tim.o(i.TIM_Cmd)
    TIM_DeInit                               0x080032ab   Thumb Code   438  stm32f4xx_tim.o(i.TIM_DeInit)
    TIM_GetPrescaler                         0x08003461   Thumb Code     4  stm32f4xx_tim.o(i.TIM_GetPrescaler)
    TIM_ITConfig                             0x08003465   Thumb Code    22  stm32f4xx_tim.o(i.TIM_ITConfig)
    TIM_SelectOutputTrigger                  0x0800347b   Thumb Code    16  stm32f4xx_tim.o(i.TIM_SelectOutputTrigger)
    TIM_SetAutoreload                        0x0800348b   Thumb Code     4  stm32f4xx_tim.o(i.TIM_SetAutoreload)
    TIM_TimeBaseInit                         0x08003491   Thumb Code   120  stm32f4xx_tim.o(i.TIM_TimeBaseInit)
    UART_Init                                0x08003511   Thumb Code   272  uart.o(i.UART_Init)
    UART_printf                              0x08003639   Thumb Code   200  uart.o(i.UART_printf)
    USART1_IRQHandler                        0x08003715   Thumb Code   310  irq_routine.o(i.USART1_IRQHandler)
    USART_DMACmd                             0x08003899   Thumb Code    22  stm32f4xx_usart.o(i.USART_DMACmd)
    USART_Init                               0x080038b1   Thumb Code   202  stm32f4xx_usart.o(i.USART_Init)
    UsageFault_Handler                       0x08003981   Thumb Code     8  irq_routine.o(i.UsageFault_Handler)
    __ARM_fpclassify                         0x080039a1   Thumb Code    48  fpclassify.o(i.__ARM_fpclassify)
    _is_digit                                0x080039d1   Thumb Code    14  __printf_wp.o(i._is_digit)
    crc8_calculation                         0x080039df   Thumb Code    80  crc_calc.o(i.crc8_calculation)
    main                                     0x08003a2f   Thumb Code    30  main.o(i.main)
    pvPortMalloc                             0x08003d6d   Thumb Code   148  heap_2.o(i.pvPortMalloc)
    pxPortInitialiseStack                    0x08003e0d   Thumb Code    34  port.o(i.pxPortInitialiseStack)
    uxListRemove                             0x08003e51   Thumb Code    36  list.o(i.uxListRemove)
    vApplicationStackOverflowHook            0x08003e75   Thumb Code     6  dev_rtos_routine.o(i.vApplicationStackOverflowHook)
    vListInitialise                          0x08003ea1   Thumb Code    22  list.o(i.vListInitialise)
    vListInitialiseItem                      0x08003eb7   Thumb Code     6  list.o(i.vListInitialiseItem)
    vListInsert                              0x08003ebd   Thumb Code    54  list.o(i.vListInsert)
    vListInsertEnd                           0x08003ef3   Thumb Code    24  list.o(i.vListInsertEnd)
    vPortEnterCritical                       0x08003f0d   Thumb Code    24  port.o(i.vPortEnterCritical)
    vPortExitCritical                        0x08003f29   Thumb Code    18  port.o(i.vPortExitCritical)
    vPortFree                                0x08003f41   Thumb Code    56  heap_2.o(i.vPortFree)
    vPortSetupTimerInterrupt                 0x08003f81   Thumb Code    26  port.o(i.vPortSetupTimerInterrupt)
    vPortYield                               0x08003fa1   Thumb Code    18  port.o(i.vPortYield)
    vTaskMissedYield                         0x08003fb9   Thumb Code     8  tasks.o(i.vTaskMissedYield)
    vTaskPlaceOnEventList                    0x08003fc5   Thumb Code    54  tasks.o(i.vTaskPlaceOnEventList)
    vTaskPriorityDisinherit                  0x08004005   Thumb Code    74  tasks.o(i.vTaskPriorityDisinherit)
    vTaskPriorityInherit                     0x08004059   Thumb Code   102  tasks.o(i.vTaskPriorityInherit)
    vTaskSetTimeOutState                     0x080040c9   Thumb Code    12  tasks.o(i.vTaskSetTimeOutState)
    vTaskStartScheduler                      0x080040d9   Thumb Code    56  tasks.o(i.vTaskStartScheduler)
    vTaskSuspendAll                          0x08004121   Thumb Code    10  tasks.o(i.vTaskSuspendAll)
    vTaskSwitchContext                       0x08004131   Thumb Code   140  tasks.o(i.vTaskSwitchContext)
    xPortStartScheduler                      0x080041c9   Thumb Code    52  port.o(i.xPortStartScheduler)
    xPortSysTickHandler                      0x08004209   Thumb Code    30  port.o(i.xPortSysTickHandler)
    xQueueCreateMutex                        0x0800422d   Thumb Code    68  queue.o(i.xQueueCreateMutex)
    xQueueGenericCreate                      0x08004271   Thumb Code    66  queue.o(i.xQueueGenericCreate)
    xQueueGenericReceive                     0x080042b3   Thumb Code   268  queue.o(i.xQueueGenericReceive)
    xQueueGenericReset                       0x080043bf   Thumb Code   102  queue.o(i.xQueueGenericReset)
    xQueueGenericSend                        0x08004425   Thumb Code   216  queue.o(i.xQueueGenericSend)
    xQueueGenericSendFromISR                 0x080044fd   Thumb Code   100  queue.o(i.xQueueGenericSendFromISR)
    xTaskCheckForTimeOut                     0x08004561   Thumb Code    76  tasks.o(i.xTaskCheckForTimeOut)
    xTaskGenericCreate                       0x080045b1   Thumb Code   196  tasks.o(i.xTaskGenericCreate)
    xTaskGetCurrentTaskHandle                0x0800467d   Thumb Code     6  tasks.o(i.xTaskGetCurrentTaskHandle)
    xTaskIncrementTick                       0x08004689   Thumb Code   174  tasks.o(i.xTaskIncrementTick)
    xTaskRemoveFromEventList                 0x08004741   Thumb Code    86  tasks.o(i.xTaskRemoveFromEventList)
    xTaskResumeAll                           0x080047a5   Thumb Code   158  tasks.o(i.xTaskResumeAll)
    _get_lc_ctype                            0x0800484d   Thumb Code    44  lc_ctype_c.o(locale$$code)
    _get_lc_numeric                          0x08004879   Thumb Code    44  lc_numeric_c.o(locale$$code)
    _fp_init                                 0x080048a5   Thumb Code    10  fpinit.o(x$fpl$fpinit)
    __fplib_config_fpu_vfp                   0x080048ad   Thumb Code     0  fpinit.o(x$fpl$fpinit)
    __fplib_config_pureend_doubles           0x080048ad   Thumb Code     0  fpinit.o(x$fpl$fpinit)
    _printf_fp_dec                           0x080048af   Thumb Code     4  printf1.o(x$fpl$printf1)
    _printf_fp_hex                           0x080048b3   Thumb Code     4  printf2.o(x$fpl$printf2)
    __I$use$fp                               0x080048b6   Number         0  usenofp.o(x$fpl$usenofp)
    Region$$Table$$Base                      0x080049c8   Number         0  anon$$obj.o(Region$$Table)
    Region$$Table$$Limit                     0x080049e8   Number         0  anon$$obj.o(Region$$Table)
    __ctype                                  0x080049f5   Data           0  lc_ctype_c.o(locale$$data)
    pxCurrentTCB                             0x2000002c   Data           4  tasks.o(.data)
    xQueueStringDataIn                       0x20000068   Data           4  dev_rtos_routine.o(.data)
    xSemaphore_ADC_DATA_READY                0x2000006c   Data           4  dev_rtos_routine.o(.data)
    xSemaphore_PORT_RELOAD                   0x20000070   Data           4  dev_rtos_routine.o(.data)
    xMutex_PORT_ACCESS                       0x20000074   Data           4  dev_rtos_routine.o(.data)
    xSemaphore_UART_TX_END                   0x20000078   Data           4  dev_rtos_routine.o(.data)
    SystemCoreClock                          0x2000008c   Data           4  system_stm32f4xx.o(.data)
    AHBPrescTable                            0x20000090   Data          16  system_stm32f4xx.o(.data)
    uart_in_buf                              0x20002b20   Data         508  irq_routine.o(.bss)
    dev_cntrl_tbl                            0x20002f18   Data          20  dev_data_routine.o(.bss)
    __libspace_start                         0x20002f6c   Data          96  libspace.o(.bss)
    __temporary_stack_top$libspace           0x20002fcc   Data           0  libspace.o(.bss)



==============================================================================

Memory Map of the image

  Image Entry point : 0x080001ad

  Load Region LR_IROM1 (Base: 0x08000000, Size: 0x00004bb4, Max: 0x00100000, ABSOLUTE)

    Execution Region ER_IROM1 (Exec base: 0x08000000, Load base: 0x08000000, Size: 0x00004b14, Max: 0x00100000, ABSOLUTE)

    Exec Addr    Load Addr    Size         Type   Attr      Idx    E Section Name        Object

    0x08000000   0x08000000   0x000001ac   Data   RO         2626    RESET               startup_stm32f427xx.o
    0x080001ac   0x080001ac   0x00000008   Code   RO         2710  * !!!main             c_w.l(__main.o)
    0x080001b4   0x080001b4   0x00000034   Code   RO         3020    !!!scatter          c_w.l(__scatter.o)
    0x080001e8   0x080001e8   0x0000001a   Code   RO         3022    !!handler_copy      c_w.l(__scatter_copy.o)
    0x08000202   0x08000202   0x00000002   PAD
    0x08000204   0x08000204   0x0000001c   Code   RO         3024    !!handler_zi        c_w.l(__scatter_zi.o)
    0x08000220   0x08000220   0x00000000   Code   RO         2697    .ARM.Collect$$_printf_percent$$00000000  c_w.l(_printf_percent.o)
    0x08000220   0x08000220   0x00000006   Code   RO         2766    .ARM.Collect$$_printf_percent$$00000001  c_w.l(_printf_n.o)
    0x08000226   0x08000226   0x00000006   Code   RO         2768    .ARM.Collect$$_printf_percent$$00000002  c_w.l(_printf_p.o)
    0x0800022c   0x0800022c   0x00000006   Code   RO         2772    .ARM.Collect$$_printf_percent$$00000003  c_w.l(_printf_f.o)
    0x08000232   0x08000232   0x00000006   Code   RO         2773    .ARM.Collect$$_printf_percent$$00000004  c_w.l(_printf_e.o)
    0x08000238   0x08000238   0x00000006   Code   RO         2774    .ARM.Collect$$_printf_percent$$00000005  c_w.l(_printf_g.o)
    0x0800023e   0x0800023e   0x00000006   Code   RO         2775    .ARM.Collect$$_printf_percent$$00000006  c_w.l(_printf_a.o)
    0x08000244   0x08000244   0x0000000a   Code   RO         2780    .ARM.Collect$$_printf_percent$$00000007  c_w.l(_printf_ll.o)
    0x0800024e   0x0800024e   0x00000006   Code   RO         2770    .ARM.Collect$$_printf_percent$$00000008  c_w.l(_printf_i.o)
    0x08000254   0x08000254   0x00000006   Code   RO         2696    .ARM.Collect$$_printf_percent$$00000009  c_w.l(_printf_d.o)
    0x0800025a   0x0800025a   0x00000006   Code   RO         2771    .ARM.Collect$$_printf_percent$$0000000A  c_w.l(_printf_u.o)
    0x08000260   0x08000260   0x00000006   Code   RO         2769    .ARM.Collect$$_printf_percent$$0000000B  c_w.l(_printf_o.o)
    0x08000266   0x08000266   0x00000006   Code   RO         2767    .ARM.Collect$$_printf_percent$$0000000C  c_w.l(_printf_x.o)
    0x0800026c   0x0800026c   0x00000006   Code   RO         2777    .ARM.Collect$$_printf_percent$$0000000D  c_w.l(_printf_lli.o)
    0x08000272   0x08000272   0x00000006   Code   RO         2778    .ARM.Collect$$_printf_percent$$0000000E  c_w.l(_printf_lld.o)
    0x08000278   0x08000278   0x00000006   Code   RO         2779    .ARM.Collect$$_printf_percent$$0000000F  c_w.l(_printf_llu.o)
    0x0800027e   0x0800027e   0x00000006   Code   RO         2784    .ARM.Collect$$_printf_percent$$00000010  c_w.l(_printf_llo.o)
    0x08000284   0x08000284   0x00000006   Code   RO         2785    .ARM.Collect$$_printf_percent$$00000011  c_w.l(_printf_llx.o)
    0x0800028a   0x0800028a   0x0000000a   Code   RO         2781    .ARM.Collect$$_printf_percent$$00000012  c_w.l(_printf_l.o)
    0x08000294   0x08000294   0x00000006   Code   RO         2764    .ARM.Collect$$_printf_percent$$00000013  c_w.l(_printf_c.o)
    0x0800029a   0x0800029a   0x00000006   Code   RO         2765    .ARM.Collect$$_printf_percent$$00000014  c_w.l(_printf_s.o)
    0x080002a0   0x080002a0   0x00000006   Code   RO         2782    .ARM.Collect$$_printf_percent$$00000015  c_w.l(_printf_lc.o)
    0x080002a6   0x080002a6   0x00000006   Code   RO         2783    .ARM.Collect$$_printf_percent$$00000016  c_w.l(_printf_ls.o)
    0x080002ac   0x080002ac   0x00000004   Code   RO         2776    .ARM.Collect$$_printf_percent$$00000017  c_w.l(_printf_percent_end.o)
    0x080002b0   0x080002b0   0x00000002   Code   RO         2886    .ARM.Collect$$libinit$$00000000  c_w.l(libinit.o)
    0x080002b2   0x080002b2   0x00000004   Code   RO         2896    .ARM.Collect$$libinit$$00000001  c_w.l(libinit2.o)
    0x080002b6   0x080002b6   0x00000000   Code   RO         2899    .ARM.Collect$$libinit$$00000004  c_w.l(libinit2.o)
    0x080002b6   0x080002b6   0x00000000   Code   RO         2902    .ARM.Collect$$libinit$$0000000A  c_w.l(libinit2.o)
    0x080002b6   0x080002b6   0x00000000   Code   RO         2904    .ARM.Collect$$libinit$$0000000C  c_w.l(libinit2.o)
    0x080002b6   0x080002b6   0x00000000   Code   RO         2906    .ARM.Collect$$libinit$$0000000E  c_w.l(libinit2.o)
    0x080002b6   0x080002b6   0x00000006   Code   RO         2907    .ARM.Collect$$libinit$$0000000F  c_w.l(libinit2.o)
    0x080002bc   0x080002bc   0x00000000   Code   RO         2909    .ARM.Collect$$libinit$$00000011  c_w.l(libinit2.o)
    0x080002bc   0x080002bc   0x0000000c   Code   RO         2910    .ARM.Collect$$libinit$$00000012  c_w.l(libinit2.o)
    0x080002c8   0x080002c8   0x00000000   Code   RO         2911    .ARM.Collect$$libinit$$00000013  c_w.l(libinit2.o)
    0x080002c8   0x080002c8   0x00000000   Code   RO         2913    .ARM.Collect$$libinit$$00000015  c_w.l(libinit2.o)
    0x080002c8   0x080002c8   0x0000000a   Code   RO         2914    .ARM.Collect$$libinit$$00000016  c_w.l(libinit2.o)
    0x080002d2   0x080002d2   0x00000000   Code   RO         2915    .ARM.Collect$$libinit$$00000017  c_w.l(libinit2.o)
    0x080002d2   0x080002d2   0x00000000   Code   RO         2917    .ARM.Collect$$libinit$$00000019  c_w.l(libinit2.o)
    0x080002d2   0x080002d2   0x00000000   Code   RO         2919    .ARM.Collect$$libinit$$0000001B  c_w.l(libinit2.o)
    0x080002d2   0x080002d2   0x00000000   Code   RO         2921    .ARM.Collect$$libinit$$0000001D  c_w.l(libinit2.o)
    0x080002d2   0x080002d2   0x00000000   Code   RO         2923    .ARM.Collect$$libinit$$0000001F  c_w.l(libinit2.o)
    0x080002d2   0x080002d2   0x00000000   Code   RO         2925    .ARM.Collect$$libinit$$00000021  c_w.l(libinit2.o)
    0x080002d2   0x080002d2   0x00000000   Code   RO         2927    .ARM.Collect$$libinit$$00000023  c_w.l(libinit2.o)
    0x080002d2   0x080002d2   0x00000000   Code   RO         2929    .ARM.Collect$$libinit$$00000025  c_w.l(libinit2.o)
    0x080002d2   0x080002d2   0x00000000   Code   RO         2933    .ARM.Collect$$libinit$$0000002C  c_w.l(libinit2.o)
    0x080002d2   0x080002d2   0x00000000   Code   RO         2935    .ARM.Collect$$libinit$$0000002E  c_w.l(libinit2.o)
    0x080002d2   0x080002d2   0x00000000   Code   RO         2937    .ARM.Collect$$libinit$$00000030  c_w.l(libinit2.o)
    0x080002d2   0x080002d2   0x00000000   Code   RO         2939    .ARM.Collect$$libinit$$00000032  c_w.l(libinit2.o)
    0x080002d2   0x080002d2   0x00000002   Code   RO         2940    .ARM.Collect$$libinit$$00000033  c_w.l(libinit2.o)
    0x080002d4   0x080002d4   0x00000002   Code   RO         2960    .ARM.Collect$$libshutdown$$00000000  c_w.l(libshutdown.o)
    0x080002d6   0x080002d6   0x00000000   Code   RO         2973    .ARM.Collect$$libshutdown$$00000002  c_w.l(libshutdown2.o)
    0x080002d6   0x080002d6   0x00000000   Code   RO         2975    .ARM.Collect$$libshutdown$$00000004  c_w.l(libshutdown2.o)
    0x080002d6   0x080002d6   0x00000000   Code   RO         2978    .ARM.Collect$$libshutdown$$00000007  c_w.l(libshutdown2.o)
    0x080002d6   0x080002d6   0x00000000   Code   RO         2981    .ARM.Collect$$libshutdown$$0000000A  c_w.l(libshutdown2.o)
    0x080002d6   0x080002d6   0x00000000   Code   RO         2983    .ARM.Collect$$libshutdown$$0000000C  c_w.l(libshutdown2.o)
    0x080002d6   0x080002d6   0x00000000   Code   RO         2986    .ARM.Collect$$libshutdown$$0000000F  c_w.l(libshutdown2.o)
    0x080002d6   0x080002d6   0x00000002   Code   RO         2987    .ARM.Collect$$libshutdown$$00000010  c_w.l(libshutdown2.o)
    0x080002d8   0x080002d8   0x00000000   Code   RO         2712    .ARM.Collect$$rtentry$$00000000  c_w.l(__rtentry.o)
    0x080002d8   0x080002d8   0x00000000   Code   RO         2804    .ARM.Collect$$rtentry$$00000002  c_w.l(__rtentry2.o)
    0x080002d8   0x080002d8   0x00000006   Code   RO         2816    .ARM.Collect$$rtentry$$00000004  c_w.l(__rtentry4.o)
    0x080002de   0x080002de   0x00000000   Code   RO         2806    .ARM.Collect$$rtentry$$00000009  c_w.l(__rtentry2.o)
    0x080002de   0x080002de   0x00000004   Code   RO         2807    .ARM.Collect$$rtentry$$0000000A  c_w.l(__rtentry2.o)
    0x080002e2   0x080002e2   0x00000000   Code   RO         2809    .ARM.Collect$$rtentry$$0000000C  c_w.l(__rtentry2.o)
    0x080002e2   0x080002e2   0x00000008   Code   RO         2810    .ARM.Collect$$rtentry$$0000000D  c_w.l(__rtentry2.o)
    0x080002ea   0x080002ea   0x00000002   Code   RO         2892    .ARM.Collect$$rtexit$$00000000  c_w.l(rtexit.o)
    0x080002ec   0x080002ec   0x00000000   Code   RO         2942    .ARM.Collect$$rtexit$$00000002  c_w.l(rtexit2.o)
    0x080002ec   0x080002ec   0x00000004   Code   RO         2943    .ARM.Collect$$rtexit$$00000003  c_w.l(rtexit2.o)
    0x080002f0   0x080002f0   0x00000006   Code   RO         2944    .ARM.Collect$$rtexit$$00000004  c_w.l(rtexit2.o)
    0x080002f6   0x080002f6   0x00000002   PAD
    0x080002f8   0x080002f8   0x000000c2   Code   RO         1748    .emb_text           port.o
    0x080003ba   0x080003ba   0x00000002   PAD
    0x080003bc   0x080003bc   0x00000040   Code   RO         2627    .text               startup_stm32f427xx.o
    0x080003fc   0x080003fc   0x00000024   Code   RO         2666    .text               c_w.l(vsprintf.o)
    0x08000420   0x08000420   0x0000002c   Code   RO         2668    .text               c_w.l(__2sprintf.o)
    0x0800044c   0x0800044c   0x00000078   Code   RO         2674    .text               c_w.l(_printf_dec.o)
    0x080004c4   0x080004c4   0x00000188   Code   RO         2693    .text               c_w.l(__printf_flags_ss_wp.o)
    0x0800064c   0x0800064c   0x0000001a   Code   RO         2698    .text               c_w.l(atoi.o)
    0x08000666   0x08000666   0x00000058   Code   RO         2700    .text               c_w.l(memcmp.o)
    0x080006be   0x080006be   0x0000008a   Code   RO         2702    .text               c_w.l(rt_memcpy_v6.o)
    0x08000748   0x08000748   0x00000010   Code   RO         2704    .text               c_w.l(aeabi_memset.o)
    0x08000758   0x08000758   0x00000044   Code   RO         2706    .text               c_w.l(rt_memclr.o)
    0x0800079c   0x0800079c   0x00000006   Code   RO         2708    .text               c_w.l(heapauxi.o)
    0x080007a2   0x080007a2   0x00000002   PAD
    0x080007a4   0x080007a4   0x00000008   Code   RO         2716    .text               c_w.l(rt_errno_addr_intlibspace.o)
    0x080007ac   0x080007ac   0x0000004e   Code   RO         2718    .text               c_w.l(_printf_pad.o)
    0x080007fa   0x080007fa   0x00000024   Code   RO         2720    .text               c_w.l(_printf_truncate.o)
    0x0800081e   0x0800081e   0x00000052   Code   RO         2722    .text               c_w.l(_printf_str.o)
    0x08000870   0x08000870   0x000000b2   Code   RO         2724    .text               c_w.l(_printf_intcommon.o)
    0x08000922   0x08000922   0x00000028   Code   RO         2726    .text               c_w.l(_printf_charcount.o)
    0x0800094a   0x0800094a   0x00000002   PAD
    0x0800094c   0x0800094c   0x00000030   Code   RO         2728    .text               c_w.l(_printf_char_common.o)
    0x0800097c   0x0800097c   0x0000000a   Code   RO         2730    .text               c_w.l(_sputc.o)
    0x08000986   0x08000986   0x00000002   PAD
    0x08000988   0x08000988   0x000000bc   Code   RO         2732    .text               c_w.l(_printf_wctomb.o)
    0x08000a44   0x08000a44   0x0000007c   Code   RO         2735    .text               c_w.l(_printf_longlong_dec.o)
    0x08000ac0   0x08000ac0   0x00000070   Code   RO         2741    .text               c_w.l(_printf_oct_int_ll.o)
    0x08000b30   0x08000b30   0x00000094   Code   RO         2761    .text               c_w.l(_printf_hex_int_ll_ptr.o)
    0x08000bc4   0x08000bc4   0x00000070   Code   RO         2786    .text               c_w.l(strtol.o)
    0x08000c34   0x08000c34   0x00000064   Code   RO         2788    .text               c_w.l(rt_memcpy_w.o)
    0x08000c98   0x08000c98   0x0000004e   Code   RO         2790    .text               c_w.l(rt_memclr_w.o)
    0x08000ce6   0x08000ce6   0x00000002   PAD
    0x08000ce8   0x08000ce8   0x00000008   Code   RO         2800    .text               c_w.l(libspace.o)
    0x08000cf0   0x08000cf0   0x00000010   Code   RO         2818    .text               c_w.l(rt_ctype_table.o)
    0x08000d00   0x08000d00   0x0000008a   Code   RO         2820    .text               c_w.l(lludiv10.o)
    0x08000d8a   0x08000d8a   0x0000041e   Code   RO         2822    .text               c_w.l(_printf_fp_dec.o)
    0x080011a8   0x080011a8   0x000002fc   Code   RO         2824    .text               c_w.l(_printf_fp_hex.o)
    0x080014a4   0x080014a4   0x0000002c   Code   RO         2829    .text               c_w.l(_printf_char.o)
    0x080014d0   0x080014d0   0x0000002c   Code   RO         2831    .text               c_w.l(_printf_wchar.o)
    0x080014fc   0x080014fc   0x0000009e   Code   RO         2833    .text               c_w.l(_strtoul.o)
    0x0800159a   0x0800159a   0x00000040   Code   RO         2835    .text               c_w.l(_wcrtomb.o)
    0x080015da   0x080015da   0x0000004a   Code   RO         2837    .text               c_w.l(sys_stackheap_outer.o)
    0x08001624   0x08001624   0x00000008   Code   RO         2842    .text               c_w.l(rt_locale_intlibspace.o)
    0x0800162c   0x0800162c   0x00000080   Code   RO         2844    .text               c_w.l(_printf_fp_infnan.o)
    0x080016ac   0x080016ac   0x0000001c   Code   RO         2846    .text               c_w.l(_chval.o)
    0x080016c8   0x080016c8   0x000000e4   Code   RO         2848    .text               c_w.l(bigflt0.o)
    0x080017ac   0x080017ac   0x00000012   Code   RO         2879    .text               c_w.l(exit.o)
    0x080017be   0x080017be   0x00000002   PAD
    0x080017c0   0x080017c0   0x00000080   Code   RO         2894    .text               c_w.l(strcmpv7m.o)
    0x08001840   0x08001840   0x0000000c   Code   RO         2952    .text               c_w.l(sys_exit.o)
    0x0800184c   0x0800184c   0x00000002   Code   RO         2963    .text               c_w.l(use_no_semi.o)
    0x0800184e   0x0800184e   0x00000000   Code   RO         2965    .text               c_w.l(indicate_semi.o)
    0x0800184e   0x0800184e   0x0000003e   Code   RO         2851    CL$$btod_d2e        c_w.l(btod.o)
    0x0800188c   0x0800188c   0x00000046   Code   RO         2853    CL$$btod_d2e_denorm_low  c_w.l(btod.o)
    0x080018d2   0x080018d2   0x00000060   Code   RO         2852    CL$$btod_d2e_norm_op1  c_w.l(btod.o)
    0x08001932   0x08001932   0x00000338   Code   RO         2861    CL$$btod_div_common  c_w.l(btod.o)
    0x08001c6a   0x08001c6a   0x000000dc   Code   RO         2858    CL$$btod_e2e        c_w.l(btod.o)
    0x08001d46   0x08001d46   0x0000002a   Code   RO         2855    CL$$btod_ediv       c_w.l(btod.o)
    0x08001d70   0x08001d70   0x0000002a   Code   RO         2854    CL$$btod_emul       c_w.l(btod.o)
    0x08001d9a   0x08001d9a   0x00000244   Code   RO         2860    CL$$btod_mult_common  c_w.l(btod.o)
    0x08001fde   0x08001fde   0x00000002   PAD
    0x08001fe0   0x08001fe0   0x00000108   Code   RO         2541    i.ADCInit           adc_routine.o
    0x080020e8   0x080020e8   0x00000018   Code   RO          309    i.ADC_Cmd           stm32f4xx_adc.o
    0x08002100   0x08002100   0x0000002c   Code   RO          310    i.ADC_CommonInit    stm32f4xx_adc.o
    0x0800212c   0x0800212c   0x00000018   Code   RO          313    i.ADC_DMACmd        stm32f4xx_adc.o
    0x08002144   0x08002144   0x00000018   Code   RO          314    i.ADC_DMARequestAfterLastTransferCmd  stm32f4xx_adc.o
    0x0800215c   0x0800215c   0x00000018   Code   RO          315    i.ADC_DeInit        stm32f4xx_adc.o
    0x08002174   0x08002174   0x00000058   Code   RO          329    i.ADC_Init          stm32f4xx_adc.o
    0x080021cc   0x080021cc   0x00000090   Code   RO          334    i.ADC_RegularChannelConfig  stm32f4xx_adc.o
    0x0800225c   0x0800225c   0x00000028   Code   RO          339    i.ADC_TempSensorVrefintCmd  stm32f4xx_adc.o
    0x08002284   0x08002284   0x0000001c   Code   RO         2542    i.AdcAverageCalculation  adc_routine.o
    0x080022a0   0x080022a0   0x00000064   Code   RO         2408    i.AdcAvgCalcTask    dev_rtos_routine.o
    0x08002304   0x08002304   0x00000048   Code   RO         2525    i.AdcTimerInit      adc_timer.o
    0x0800234c   0x0800234c   0x00000020   Code   RO         2327    i.BusFault_Handler  irq_routine.o
    0x0800236c   0x0800236c   0x00000008   Code   RO         2566    i.DMA2EnableSupply  dma_routine.o
    0x08002374   0x08002374   0x0000005c   Code   RO         2328    i.DMA2_Stream0_IRQHandler  irq_routine.o
    0x080023d0   0x080023d0   0x00000058   Code   RO         2329    i.DMA2_Stream7_IRQHandler  irq_routine.o
    0x08002428   0x08002428   0x00000030   Code   RO          135    i.DMA_ClearFlag     stm32f4xx_dma.o
    0x08002458   0x08002458   0x00000030   Code   RO          136    i.DMA_ClearITPendingBit  stm32f4xx_dma.o
    0x08002488   0x08002488   0x00000018   Code   RO          137    i.DMA_Cmd           stm32f4xx_dma.o
    0x080024a0   0x080024a0   0x00000188   Code   RO          138    i.DMA_DeInit        stm32f4xx_dma.o
    0x08002628   0x08002628   0x00000010   Code   RO          142    i.DMA_GetCmdStatus  stm32f4xx_dma.o
    0x08002638   0x08002638   0x00000006   Code   RO          143    i.DMA_GetCurrDataCounter  stm32f4xx_dma.o
    0x0800263e   0x0800263e   0x00000002   PAD
    0x08002640   0x08002640   0x00000038   Code   RO          146    i.DMA_GetFlagStatus  stm32f4xx_dma.o
    0x08002678   0x08002678   0x00000036   Code   RO          148    i.DMA_ITConfig      stm32f4xx_dma.o
    0x080026ae   0x080026ae   0x00000002   PAD
    0x080026b0   0x080026b0   0x0000007c   Code   RO          149    i.DMA_Init          stm32f4xx_dma.o
    0x0800272c   0x0800272c   0x0000006c   Code   RO         2409    i.DataExchRtosTasksInit  dev_rtos_routine.o
    0x08002798   0x08002798   0x00000098   Code   RO         2410    i.DataExchRtosVarInit  dev_rtos_routine.o
    0x08002830   0x08002830   0x0000048c   Code   RO         2483    i.DecodeInputData   dev_data_routine.o
    0x08002cbc   0x08002cbc   0x00000034   Code   RO         2411    i.DecodeInputDataTask  dev_rtos_routine.o
    0x08002cf0   0x08002cf0   0x0000000e   Code   RO         2412    i.DevRtosRoutineInit  dev_rtos_routine.o
    0x08002cfe   0x08002cfe   0x00000002   PAD
    0x08002d00   0x08002d00   0x00000034   Code   RO         2484    i.DeviceInit        dev_data_routine.o
    0x08002d34   0x08002d34   0x00000096   Code   RO          542    i.GPIO_Init         stm32f4xx_gpio.o
    0x08002dca   0x08002dca   0x00000002   PAD
    0x08002dcc   0x08002dcc   0x00000074   Code   RO         2587    i.GpioCntrlTimerInit  gpio_timer.o
    0x08002e40   0x08002e40   0x00000002   Code   RO         2609    i.GpioSetCntrl      gpio_cntrl.o
    0x08002e42   0x08002e42   0x00000002   PAD
    0x08002e44   0x08002e44   0x00000020   Code   RO         2330    i.HardFault_Handler  irq_routine.o
    0x08002e64   0x08002e64   0x00000020   Code   RO         2331    i.MemManage_Handler  irq_routine.o
    0x08002e84   0x08002e84   0x0000001c   Code   RO         2332    i.NMI_Handler       irq_routine.o
    0x08002ea0   0x08002ea0   0x00000074   Code   RO          263    i.NVIC_Init         misc.o
    0x08002f14   0x08002f14   0x00000014   Code   RO          264    i.NVIC_PriorityGroupConfig  misc.o
    0x08002f28   0x08002f28   0x00000050   Code   RO         2413    i.PortReloadTask    dev_rtos_routine.o
    0x08002f78   0x08002f78   0x0000001c   Code   RO         1377    i.RCC_AHB1PeriphClockCmd  stm32f4xx_rcc.o
    0x08002f94   0x08002f94   0x0000001c   Code   RO         1386    i.RCC_APB1PeriphClockCmd  stm32f4xx_rcc.o
    0x08002fb0   0x08002fb0   0x0000001c   Code   RO         1388    i.RCC_APB1PeriphResetCmd  stm32f4xx_rcc.o
    0x08002fcc   0x08002fcc   0x0000001c   Code   RO         1389    i.RCC_APB2PeriphClockCmd  stm32f4xx_rcc.o
    0x08002fe8   0x08002fe8   0x0000001c   Code   RO         1391    i.RCC_APB2PeriphResetCmd  stm32f4xx_rcc.o
    0x08003004   0x08003004   0x000000b4   Code   RO         1398    i.RCC_GetClocksFreq  stm32f4xx_rcc.o
    0x080030b8   0x080030b8   0x0000002c   Code   RO         2588    i.SetAdcFrequency   gpio_timer.o
    0x080030e4   0x080030e4   0x000000e4   Code   RO         2632    i.SetSysClock       system_stm32f4xx.o
    0x080031c8   0x080031c8   0x00000004   Code   RO         2333    i.SysTick_Handler   irq_routine.o
    0x080031cc   0x080031cc   0x00000060   Code   RO         2634    i.SystemInit        system_stm32f4xx.o
    0x0800322c   0x0800322c   0x00000060   Code   RO         2334    i.TIM3_IRQHandler   irq_routine.o
    0x0800328c   0x0800328c   0x00000006   Code   RO          646    i.TIM_ClearITPendingBit  stm32f4xx_tim.o
    0x08003292   0x08003292   0x00000018   Code   RO          651    i.TIM_Cmd           stm32f4xx_tim.o
    0x080032aa   0x080032aa   0x000001b6   Code   RO          656    i.TIM_DeInit        stm32f4xx_tim.o
    0x08003460   0x08003460   0x00000004   Code   RO          673    i.TIM_GetPrescaler  stm32f4xx_tim.o
    0x08003464   0x08003464   0x00000016   Code   RO          676    i.TIM_ITConfig      stm32f4xx_tim.o
    0x0800347a   0x0800347a   0x00000010   Code   RO          709    i.TIM_SelectOutputTrigger  stm32f4xx_tim.o
    0x0800348a   0x0800348a   0x00000004   Code   RO          711    i.TIM_SetAutoreload  stm32f4xx_tim.o
    0x0800348e   0x0800348e   0x00000002   PAD
    0x08003490   0x08003490   0x00000080   Code   RO          723    i.TIM_TimeBaseInit  stm32f4xx_tim.o
    0x08003510   0x08003510   0x00000128   Code   RO         2286    i.UART_Init         uart.o
    0x08003638   0x08003638   0x000000dc   Code   RO         2287    i.UART_printf       uart.o
    0x08003714   0x08003714   0x00000184   Code   RO         2335    i.USART1_IRQHandler  irq_routine.o
    0x08003898   0x08003898   0x00000016   Code   RO         1198    i.USART_DMACmd      stm32f4xx_usart.o
    0x080038ae   0x080038ae   0x00000002   PAD
    0x080038b0   0x080038b0   0x000000d0   Code   RO         1204    i.USART_Init        stm32f4xx_usart.o
    0x08003980   0x08003980   0x00000020   Code   RO         2336    i.UsageFault_Handler  irq_routine.o
    0x080039a0   0x080039a0   0x00000030   Code   RO         2890    i.__ARM_fpclassify  m_wm.l(fpclassify.o)
    0x080039d0   0x080039d0   0x0000000e   Code   RO         2686    i._is_digit         c_w.l(__printf_wp.o)
    0x080039de   0x080039de   0x00000050   Code   RO         2461    i.crc8_calculation  crc_calc.o
    0x08003a2e   0x08003a2e   0x0000001e   Code   RO            2    i.main              main.o
    0x08003a4c   0x08003a4c   0x00000038   Code   RO         1956    i.prvAddCurrentTaskToDelayedList  tasks.o
    0x08003a84   0x08003a84   0x00000038   Code   RO         1957    i.prvAllocateTCBAndStack  tasks.o
    0x08003abc   0x08003abc   0x00000058   Code   RO         1958    i.prvCheckTasksWaitingTermination  tasks.o
    0x08003b14   0x08003b14   0x00000028   Code   RO         1816    i.prvCopyDataFromQueue  queue.o
    0x08003b3c   0x08003b3c   0x0000006a   Code   RO         1817    i.prvCopyDataToQueue  queue.o
    0x08003ba6   0x08003ba6   0x00000014   Code   RO         1959    i.prvDeleteTCB      tasks.o
    0x08003bba   0x08003bba   0x00000002   PAD
    0x08003bbc   0x08003bbc   0x00000028   Code   RO         1700    i.prvHeapInit       heap_2.o
    0x08003be4   0x08003be4   0x00000018   Code   RO         1960    i.prvIdleTask       tasks.o
    0x08003bfc   0x08003bfc   0x00000044   Code   RO         1961    i.prvInitialiseTCBVariables  tasks.o
    0x08003c40   0x08003c40   0x00000060   Code   RO         1962    i.prvInitialiseTaskLists  tasks.o
    0x08003ca0   0x08003ca0   0x0000001a   Code   RO         1818    i.prvIsQueueEmpty   queue.o
    0x08003cba   0x08003cba   0x0000001e   Code   RO         1819    i.prvIsQueueFull    queue.o
    0x08003cd8   0x08003cd8   0x00000024   Code   RO         1963    i.prvResetNextTaskUnblockTime  tasks.o
    0x08003cfc   0x08003cfc   0x00000006   Code   RO         1749    i.prvTaskExitError  port.o
    0x08003d02   0x08003d02   0x00000068   Code   RO         1820    i.prvUnlockQueue    queue.o
    0x08003d6a   0x08003d6a   0x00000002   PAD
    0x08003d6c   0x08003d6c   0x000000a0   Code   RO         1701    i.pvPortMalloc      heap_2.o
    0x08003e0c   0x08003e0c   0x00000028   Code   RO         1750    i.pxPortInitialiseStack  port.o
    0x08003e34   0x08003e34   0x0000001c   Code   RO         2462    i.reverse_byte      crc_calc.o
    0x08003e50   0x08003e50   0x00000024   Code   RO         2197    i.uxListRemove      list.o
    0x08003e74   0x08003e74   0x0000002c   Code   RO         2414    i.vApplicationStackOverflowHook  dev_rtos_routine.o
    0x08003ea0   0x08003ea0   0x00000016   Code   RO         2198    i.vListInitialise   list.o
    0x08003eb6   0x08003eb6   0x00000006   Code   RO         2199    i.vListInitialiseItem  list.o
    0x08003ebc   0x08003ebc   0x00000036   Code   RO         2200    i.vListInsert       list.o
    0x08003ef2   0x08003ef2   0x00000018   Code   RO         2201    i.vListInsertEnd    list.o
    0x08003f0a   0x08003f0a   0x00000002   PAD
    0x08003f0c   0x08003f0c   0x0000001c   Code   RO         1752    i.vPortEnterCritical  port.o
    0x08003f28   0x08003f28   0x00000018   Code   RO         1753    i.vPortExitCritical  port.o
    0x08003f40   0x08003f40   0x00000040   Code   RO         1702    i.vPortFree         heap_2.o
    0x08003f80   0x08003f80   0x00000020   Code   RO         1754    i.vPortSetupTimerInterrupt  port.o
    0x08003fa0   0x08003fa0   0x00000018   Code   RO         1755    i.vPortYield        port.o
    0x08003fb8   0x08003fb8   0x0000000c   Code   RO         1972    i.vTaskMissedYield  tasks.o
    0x08003fc4   0x08003fc4   0x00000040   Code   RO         1973    i.vTaskPlaceOnEventList  tasks.o
    0x08004004   0x08004004   0x00000054   Code   RO         1975    i.vTaskPriorityDisinherit  tasks.o
    0x08004058   0x08004058   0x00000070   Code   RO         1976    i.vTaskPriorityInherit  tasks.o
    0x080040c8   0x080040c8   0x00000010   Code   RO         1979    i.vTaskSetTimeOutState  tasks.o
    0x080040d8   0x080040d8   0x00000048   Code   RO         1980    i.vTaskStartScheduler  tasks.o
    0x08004120   0x08004120   0x00000010   Code   RO         1982    i.vTaskSuspendAll   tasks.o
    0x08004130   0x08004130   0x00000098   Code   RO         1983    i.vTaskSwitchContext  tasks.o
    0x080041c8   0x080041c8   0x00000040   Code   RO         1756    i.xPortStartScheduler  port.o
    0x08004208   0x08004208   0x00000024   Code   RO         1757    i.xPortSysTickHandler  port.o
    0x0800422c   0x0800422c   0x00000044   Code   RO         1826    i.xQueueCreateMutex  queue.o
    0x08004270   0x08004270   0x00000042   Code   RO         1827    i.xQueueGenericCreate  queue.o
    0x080042b2   0x080042b2   0x0000010c   Code   RO         1828    i.xQueueGenericReceive  queue.o
    0x080043be   0x080043be   0x00000066   Code   RO         1829    i.xQueueGenericReset  queue.o
    0x08004424   0x08004424   0x000000d8   Code   RO         1830    i.xQueueGenericSend  queue.o
    0x080044fc   0x080044fc   0x00000064   Code   RO         1831    i.xQueueGenericSendFromISR  queue.o
    0x08004560   0x08004560   0x00000050   Code   RO         1984    i.xTaskCheckForTimeOut  tasks.o
    0x080045b0   0x080045b0   0x000000cc   Code   RO         1985    i.xTaskGenericCreate  tasks.o
    0x0800467c   0x0800467c   0x0000000c   Code   RO         1986    i.xTaskGetCurrentTaskHandle  tasks.o
    0x08004688   0x08004688   0x000000b8   Code   RO         1989    i.xTaskIncrementTick  tasks.o
    0x08004740   0x08004740   0x00000064   Code   RO         1990    i.xTaskRemoveFromEventList  tasks.o
    0x080047a4   0x080047a4   0x000000a8   Code   RO         1992    i.xTaskResumeAll    tasks.o
    0x0800484c   0x0800484c   0x0000002c   Code   RO         2874    locale$$code        c_w.l(lc_ctype_c.o)
    0x08004878   0x08004878   0x0000002c   Code   RO         2877    locale$$code        c_w.l(lc_numeric_c.o)
    0x080048a4   0x080048a4   0x0000000a   Code   RO         2950    x$fpl$fpinit        fz_wm.l(fpinit.o)
    0x080048ae   0x080048ae   0x00000004   Code   RO         2792    x$fpl$printf1       fz_wm.l(printf1.o)
    0x080048b2   0x080048b2   0x00000004   Code   RO         2794    x$fpl$printf2       fz_wm.l(printf2.o)
    0x080048b6   0x080048b6   0x00000000   Code   RO         2889    x$fpl$usenofp       fz_wm.l(usenofp.o)
    0x080048b6   0x080048b6   0x00000014   Data   RO         1995    .constdata          tasks.o
    0x080048ca   0x080048ca   0x00000011   Data   RO         2694    .constdata          c_w.l(__printf_flags_ss_wp.o)
    0x080048db   0x080048db   0x00000001   PAD
    0x080048dc   0x080048dc   0x00000008   Data   RO         2733    .constdata          c_w.l(_printf_wctomb.o)
    0x080048e4   0x080048e4   0x00000028   Data   RO         2762    .constdata          c_w.l(_printf_hex_int_ll_ptr.o)
    0x0800490c   0x0800490c   0x00000026   Data   RO         2825    .constdata          c_w.l(_printf_fp_hex.o)
    0x08004932   0x08004932   0x00000002   PAD
    0x08004934   0x08004934   0x00000094   Data   RO         2849    .constdata          c_w.l(bigflt0.o)
    0x080049c8   0x080049c8   0x00000020   Data   RO         3018    Region$$Table       anon$$obj.o
    0x080049e8   0x080049e8   0x00000110   Data   RO         2873    locale$$data        c_w.l(lc_ctype_c.o)
    0x08004af8   0x08004af8   0x0000001c   Data   RO         2876    locale$$data        c_w.l(lc_numeric_c.o)


    Execution Region RW_IRAM1 (Exec base: 0x20000000, Load base: 0x08004b14, Size: 0x000035d0, Max: 0x00030000, ABSOLUTE)

    Exec Addr    Load Addr    Size         Type   Attr      Idx    E Section Name        Object

    0x20000000   0x08004b14   0x00000010   Data   RW         1429    .data               stm32f4xx_rcc.o
    0x20000010   0x08004b24   0x00000018   Data   RW         1706    .data               heap_2.o
    0x20000028   0x08004b3c   0x00000004   Data   RW         1758    .data               port.o
    0x2000002c   0x08004b40   0x00000038   Data   RW         1996    .data               tasks.o
    0x20000064   0x08004b78   0x00000002   Data   RW         2338    .data               irq_routine.o
    0x20000066   0x08004b7a   0x00000002   PAD
    0x20000068   0x08004b7c   0x00000014   Data   RW         2415    .data               dev_rtos_routine.o
    0x2000007c   0x08004b90   0x0000000c   Data   RW         2487    .data               dev_data_routine.o
    0x20000088   0x08004b9c   0x00000004   Data   RW         2488    .data               dev_data_routine.o
    0x2000008c   0x08004ba0   0x00000014   Data   RW         2635    .data               system_stm32f4xx.o
    0x200000a0        -       0x00002800   Zero   RW         1705    .bss                heap_2.o
    0x200028a0        -       0x0000008c   Zero   RW         1994    .bss                tasks.o
    0x2000292c        -       0x000001f4   Zero   RW         2288    .bss                uart.o
    0x20002b20        -       0x000001fc   Zero   RW         2337    .bss                irq_routine.o
    0x20002d1c        -       0x000001fc   Zero   RW         2485    .bss                dev_data_routine.o
    0x20002f18        -       0x00000014   Zero   RW         2486    .bss                dev_data_routine.o
    0x20002f2c        -       0x00000040   Zero   RW         2543    .bss                adc_routine.o
    0x20002f6c        -       0x00000060   Zero   RW         2801    .bss                c_w.l(libspace.o)
    0x20002fcc   0x08004bb4   0x00000004   PAD
    0x20002fd0        -       0x00000200   Zero   RW         2625    HEAP                startup_stm32f427xx.o
    0x200031d0        -       0x00000400   Zero   RW         2624    STACK               startup_stm32f427xx.o


==============================================================================

Image component sizes


      Code (inc. data)   RO Data    RW Data    ZI Data      Debug   Object Name

       292         24          0          0         64       2090   adc_routine.o
        72          0          0          0          0        607   adc_timer.o
       108          0          0          0          0       1887   crc_calc.o
      1216        118          0         16        528       3504   dev_data_routine.o
       550        106          0         20          0       5345   dev_rtos_routine.o
         8          0          0          0          0        491   dma_routine.o
         2          0          0          0          0        863   gpio_cntrl.o
       160         12          0          0          0       1759   gpio_timer.o
       264         30          0         24      10240       5667   heap_2.o
       824        258          0          2        508       7211   irq_routine.o
       142          0          0          0          0       3834   list.o
        30          0          0          0          0     324491   main.o
       136         10          0          0          0       1815   misc.o
       448         64          0          4          0       8349   port.o
      1126          0          0          0          0      14693   queue.o
        64         26        428          0       1536        892   startup_stm32f427xx.o
       412         20          0          0          0       7043   stm32f4xx_adc.o
       768        142          0          0          0       8445   stm32f4xx_dma.o
       150          0          0          0          0       1264   stm32f4xx_gpio.o
       320         40          0         16          0       6573   stm32f4xx_rcc.o
       642          8          0          0          0       6630   stm32f4xx_tim.o
       230          6          0          0          0       2456   stm32f4xx_usart.o
       324         48          0         20          0       2041   system_stm32f4xx.o
      1720        182         20         56        140      20016   tasks.o
       516         44          0          0        500       5547   uart.o

    ----------------------------------------------------------------------
     10546       1138        480        160      13516     443513   Object Totals
         0          0         32          0          0          0   (incl. Generated)
        22          0          0          2          0          0   (incl. Padding)

    ----------------------------------------------------------------------

      Code (inc. data)   RO Data    RW Data    ZI Data      Debug   Library Member Name

        44          6          0          0          0         84   __2sprintf.o
         8          0          0          0          0         68   __main.o
       392          4         17          0          0         92   __printf_flags_ss_wp.o
        14          0          0          0          0         68   __printf_wp.o
         0          0          0          0          0          0   __rtentry.o
        12          0          0          0          0          0   __rtentry2.o
         6          0          0          0          0          0   __rtentry4.o
        52          8          0          0          0          0   __scatter.o
        26          0          0          0          0          0   __scatter_copy.o
        28          0          0          0          0          0   __scatter_zi.o
        28          0          0          0          0         68   _chval.o
         6          0          0          0          0          0   _printf_a.o
         6          0          0          0          0          0   _printf_c.o
        44          0          0          0          0        108   _printf_char.o
        48          6          0          0          0         96   _printf_char_common.o
        40          0          0          0          0         68   _printf_charcount.o
         6          0          0          0          0          0   _printf_d.o
       120         16          0          0          0         92   _printf_dec.o
         6          0          0          0          0          0   _printf_e.o
         6          0          0          0          0          0   _printf_f.o
      1054          0          0          0          0        216   _printf_fp_dec.o
       764          8         38          0          0        100   _printf_fp_hex.o
       128         16          0          0          0         84   _printf_fp_infnan.o
         6          0          0          0          0          0   _printf_g.o
       148          4         40          0          0        160   _printf_hex_int_ll_ptr.o
         6          0          0          0          0          0   _printf_i.o
       178          0          0          0          0         88   _printf_intcommon.o
        10          0          0          0          0          0   _printf_l.o
         6          0          0          0          0          0   _printf_lc.o
        10          0          0          0          0          0   _printf_ll.o
         6          0          0          0          0          0   _printf_lld.o
         6          0          0          0          0          0   _printf_lli.o
         6          0          0          0          0          0   _printf_llo.o
         6          0          0          0          0          0   _printf_llu.o
         6          0          0          0          0          0   _printf_llx.o
       124         16          0          0          0         92   _printf_longlong_dec.o
         6          0          0          0          0          0   _printf_ls.o
         6          0          0          0          0          0   _printf_n.o
         6          0          0          0          0          0   _printf_o.o
       112         10          0          0          0        124   _printf_oct_int_ll.o
         6          0          0          0          0          0   _printf_p.o
        78          0          0          0          0        108   _printf_pad.o
         0          0          0          0          0          0   _printf_percent.o
         4          0          0          0          0          0   _printf_percent_end.o
         6          0          0          0          0          0   _printf_s.o
        82          0          0          0          0         80   _printf_str.o
        36          0          0          0          0         84   _printf_truncate.o
         6          0          0          0          0          0   _printf_u.o
        44          0          0          0          0        108   _printf_wchar.o
       188          6          8          0          0         92   _printf_wctomb.o
         6          0          0          0          0          0   _printf_x.o
        10          0          0          0          0         68   _sputc.o
       158          0          0          0          0         92   _strtoul.o
        64          0          0          0          0         92   _wcrtomb.o
        16          0          0          0          0         68   aeabi_memset.o
        26          0          0          0          0         80   atoi.o
       228          4        148          0          0         96   bigflt0.o
      1936        128          0          0          0        672   btod.o
        18          0          0          0          0         80   exit.o
         6          0          0          0          0        152   heapauxi.o
         0          0          0          0          0          0   indicate_semi.o
        44         10        272          0          0         76   lc_ctype_c.o
        44         10         28          0          0         76   lc_numeric_c.o
         2          0          0          0          0          0   libinit.o
        34          0          0          0          0          0   libinit2.o
         2          0          0          0          0          0   libshutdown.o
         2          0          0          0          0          0   libshutdown2.o
         8          4          0          0         96         68   libspace.o
       138          0          0          0          0         80   lludiv10.o
        88          0          0          0          0         76   memcmp.o
        16          4          0          0          0         76   rt_ctype_table.o
         8          4          0          0          0         68   rt_errno_addr_intlibspace.o
         8          4          0          0          0         68   rt_locale_intlibspace.o
        68          0          0          0          0         68   rt_memclr.o
        78          0          0          0          0         80   rt_memclr_w.o
       138          0          0          0          0         68   rt_memcpy_v6.o
       100          0          0          0          0         80   rt_memcpy_w.o
         2          0          0          0          0          0   rtexit.o
        10          0          0          0          0          0   rtexit2.o
       128          0          0          0          0         68   strcmpv7m.o
       112          0          0          0          0         88   strtol.o
        12          4          0          0          0         68   sys_exit.o
        74          0          0          0          0         80   sys_stackheap_outer.o
         2          0          0          0          0         68   use_no_semi.o
        36          4          0          0          0         76   vsprintf.o
        10          0          0          0          0        116   fpinit.o
         4          0          0          0          0        116   printf1.o
         4          0          0          0          0        116   printf2.o
         0          0          0          0          0          0   usenofp.o
        48          0          0          0          0        124   fpclassify.o

    ----------------------------------------------------------------------
      7640        276        554          0        100       5284   Library Totals
        16          0          3          0          4          0   (incl. Padding)

    ----------------------------------------------------------------------

      Code (inc. data)   RO Data    RW Data    ZI Data      Debug   Library Name

      7558        276        551          0         96       4812   c_w.l
        18          0          0          0          0        348   fz_wm.l
        48          0          0          0          0        124   m_wm.l

    ----------------------------------------------------------------------
      7640        276        554          0        100       5284   Library Totals

    ----------------------------------------------------------------------

==============================================================================


      Code (inc. data)   RO Data    RW Data    ZI Data      Debug   

     18186       1414       1034        160      13616     434393   Grand Totals
     18186       1414       1034        160      13616     434393   ELF Image Totals
     18186       1414       1034        160          0          0   ROM Totals

==============================================================================

    Total RO  Size (Code + RO Data)                19220 (  18.77kB)
    Total RW  Size (RW Data + ZI Data)             13776 (  13.45kB)
    Total ROM Size (Code + RO Data + RW Data)      19380 (  18.93kB)

==============================================================================

